Archive member included to satisfy reference by file (symbol)

c:/arm-gcc/tools/arm-gnu-toolchain-11.3.rel1-mingw-w64-i686-arm-none-eabi/bin/../lib/gcc/arm-none-eabi/11.3.1/thumb/v7e-m+fp/hard\libc_nano.a(libc_a-exit.o)
                              c:/arm-gcc/tools/arm-gnu-toolchain-11.3.rel1-mingw-w64-i686-arm-none-eabi/bin/../lib/gcc/arm-none-eabi/11.3.1/thumb/v7e-m+fp/hard/crt0.o (exit)
c:/arm-gcc/tools/arm-gnu-toolchain-11.3.rel1-mingw-w64-i686-arm-none-eabi/bin/../lib/gcc/arm-none-eabi/11.3.1/thumb/v7e-m+fp/hard\libc_nano.a(libc_a-findfp.o)
                              c:/arm-gcc/tools/arm-gnu-toolchain-11.3.rel1-mingw-w64-i686-arm-none-eabi/bin/../lib/gcc/arm-none-eabi/11.3.1/thumb/v7e-m+fp/hard\libc_nano.a(libc_a-exit.o) (__stdio_exit_handler)
c:/arm-gcc/tools/arm-gnu-toolchain-11.3.rel1-mingw-w64-i686-arm-none-eabi/bin/../lib/gcc/arm-none-eabi/11.3.1/thumb/v7e-m+fp/hard\libc_nano.a(libc_a-fwalk.o)
                              c:/arm-gcc/tools/arm-gnu-toolchain-11.3.rel1-mingw-w64-i686-arm-none-eabi/bin/../lib/gcc/arm-none-eabi/11.3.1/thumb/v7e-m+fp/hard\libc_nano.a(libc_a-findfp.o) (_fwalk_sglue)
c:/arm-gcc/tools/arm-gnu-toolchain-11.3.rel1-mingw-w64-i686-arm-none-eabi/bin/../lib/gcc/arm-none-eabi/11.3.1/thumb/v7e-m+fp/hard\libc_nano.a(libc_a-sprintf.o)
                              build/main.o (sprintf)
c:/arm-gcc/tools/arm-gnu-toolchain-11.3.rel1-mingw-w64-i686-arm-none-eabi/bin/../lib/gcc/arm-none-eabi/11.3.1/thumb/v7e-m+fp/hard\libc_nano.a(libc_a-stdio.o)
                              c:/arm-gcc/tools/arm-gnu-toolchain-11.3.rel1-mingw-w64-i686-arm-none-eabi/bin/../lib/gcc/arm-none-eabi/11.3.1/thumb/v7e-m+fp/hard\libc_nano.a(libc_a-findfp.o) (__sread)
c:/arm-gcc/tools/arm-gnu-toolchain-11.3.rel1-mingw-w64-i686-arm-none-eabi/bin/../lib/gcc/arm-none-eabi/11.3.1/thumb/v7e-m+fp/hard\libc_nano.a(libc_a-memset.o)
                              c:/arm-gcc/tools/arm-gnu-toolchain-11.3.rel1-mingw-w64-i686-arm-none-eabi/bin/../lib/gcc/arm-none-eabi/11.3.1/thumb/v7e-m+fp/hard/crt0.o (memset)
c:/arm-gcc/tools/arm-gnu-toolchain-11.3.rel1-mingw-w64-i686-arm-none-eabi/bin/../lib/gcc/arm-none-eabi/11.3.1/thumb/v7e-m+fp/hard\libc_nano.a(libc_a-closer.o)
                              c:/arm-gcc/tools/arm-gnu-toolchain-11.3.rel1-mingw-w64-i686-arm-none-eabi/bin/../lib/gcc/arm-none-eabi/11.3.1/thumb/v7e-m+fp/hard\libc_nano.a(libc_a-stdio.o) (_close_r)
c:/arm-gcc/tools/arm-gnu-toolchain-11.3.rel1-mingw-w64-i686-arm-none-eabi/bin/../lib/gcc/arm-none-eabi/11.3.1/thumb/v7e-m+fp/hard\libc_nano.a(libc_a-reent.o)
                              c:/arm-gcc/tools/arm-gnu-toolchain-11.3.rel1-mingw-w64-i686-arm-none-eabi/bin/../lib/gcc/arm-none-eabi/11.3.1/thumb/v7e-m+fp/hard\libc_nano.a(libc_a-closer.o) (errno)
c:/arm-gcc/tools/arm-gnu-toolchain-11.3.rel1-mingw-w64-i686-arm-none-eabi/bin/../lib/gcc/arm-none-eabi/11.3.1/thumb/v7e-m+fp/hard\libc_nano.a(libc_a-impure.o)
                              c:/arm-gcc/tools/arm-gnu-toolchain-11.3.rel1-mingw-w64-i686-arm-none-eabi/bin/../lib/gcc/arm-none-eabi/11.3.1/thumb/v7e-m+fp/hard\libc_nano.a(libc_a-sprintf.o) (_impure_ptr)
c:/arm-gcc/tools/arm-gnu-toolchain-11.3.rel1-mingw-w64-i686-arm-none-eabi/bin/../lib/gcc/arm-none-eabi/11.3.1/thumb/v7e-m+fp/hard\libc_nano.a(libc_a-lseekr.o)
                              c:/arm-gcc/tools/arm-gnu-toolchain-11.3.rel1-mingw-w64-i686-arm-none-eabi/bin/../lib/gcc/arm-none-eabi/11.3.1/thumb/v7e-m+fp/hard\libc_nano.a(libc_a-stdio.o) (_lseek_r)
c:/arm-gcc/tools/arm-gnu-toolchain-11.3.rel1-mingw-w64-i686-arm-none-eabi/bin/../lib/gcc/arm-none-eabi/11.3.1/thumb/v7e-m+fp/hard\libc_nano.a(libc_a-readr.o)
                              c:/arm-gcc/tools/arm-gnu-toolchain-11.3.rel1-mingw-w64-i686-arm-none-eabi/bin/../lib/gcc/arm-none-eabi/11.3.1/thumb/v7e-m+fp/hard\libc_nano.a(libc_a-stdio.o) (_read_r)
c:/arm-gcc/tools/arm-gnu-toolchain-11.3.rel1-mingw-w64-i686-arm-none-eabi/bin/../lib/gcc/arm-none-eabi/11.3.1/thumb/v7e-m+fp/hard\libc_nano.a(libc_a-writer.o)
                              c:/arm-gcc/tools/arm-gnu-toolchain-11.3.rel1-mingw-w64-i686-arm-none-eabi/bin/../lib/gcc/arm-none-eabi/11.3.1/thumb/v7e-m+fp/hard\libc_nano.a(libc_a-stdio.o) (_write_r)
c:/arm-gcc/tools/arm-gnu-toolchain-11.3.rel1-mingw-w64-i686-arm-none-eabi/bin/../lib/gcc/arm-none-eabi/11.3.1/thumb/v7e-m+fp/hard\libc_nano.a(libc_a-init.o)
                              c:/arm-gcc/tools/arm-gnu-toolchain-11.3.rel1-mingw-w64-i686-arm-none-eabi/bin/../lib/gcc/arm-none-eabi/11.3.1/thumb/v7e-m+fp/hard/crt0.o (__libc_init_array)
c:/arm-gcc/tools/arm-gnu-toolchain-11.3.rel1-mingw-w64-i686-arm-none-eabi/bin/../lib/gcc/arm-none-eabi/11.3.1/thumb/v7e-m+fp/hard\libc_nano.a(libc_a-lock.o)
                              c:/arm-gcc/tools/arm-gnu-toolchain-11.3.rel1-mingw-w64-i686-arm-none-eabi/bin/../lib/gcc/arm-none-eabi/11.3.1/thumb/v7e-m+fp/hard\libc_nano.a(libc_a-findfp.o) (__retarget_lock_init_recursive)
[...]
Memory Configuration

Name             Origin             Length             Attributes
RAM              0x20000000         0x00020000         xrw
FLASH            0x08000000         0x00080000         xr
*default*        0x00000000         0xffffffff

Linker script and memory map

LOAD c:/arm-gcc/tools/arm-gnu-toolchain-11.3.rel1-mingw-w64-i686-arm-none-eabi/bin/../lib/gcc/arm-none-eabi/11.3.1/thumb/v7e-m+fp/hard/crti.o
LOAD c:/arm-gcc/tools/arm-gnu-toolchain-11.3.rel1-mingw-w64-i686-arm-none-eabi/bin/../lib/gcc/arm-none-eabi/11.3.1/thumb/v7e-m+fp/hard/crtbegin.o
LOAD c:/arm-gcc/tools/arm-gnu-toolchain-11.3.rel1-mingw-w64-i686-arm-none-eabi/bin/../lib/gcc/arm-none-eabi/11.3.1/thumb/v7e-m+fp/hard/crt0.o
LOAD build/main.o
LOAD build/stm32f4xx_it.o
LOAD build/stm32f4xx_hal_msp.o
LOAD build/stm32f4xx_hal_tim.o
LOAD build/stm32f4xx_hal_tim_ex.o
LOAD build/stm32f4xx_hal_rcc.o
LOAD build/stm32f4xx_hal_rcc_ex.o
LOAD build/stm32f4xx_hal_flash.o
LOAD build/stm32f4xx_hal_flash_ex.o
LOAD build/stm32f4xx_hal_flash_ramfunc.o
LOAD build/stm32f4xx_hal_gpio.o
LOAD build/stm32f4xx_hal_dma_ex.o
LOAD build/stm32f4xx_hal_dma.o
LOAD build/stm32f4xx_hal_pwr.o
LOAD build/stm32f4xx_hal_pwr_ex.o
LOAD build/stm32f4xx_hal_cortex.o
LOAD build/stm32f4xx_hal.o
LOAD build/stm32f4xx_hal_exti.o
LOAD build/system_stm32f4xx.o
LOAD build/stm32f4xx_hal_pcd.o
LOAD build/stm32f4xx_hal_pcd_ex.o
LOAD build/stm32f4xx_ll_usb.o
LOAD build/stm32f4xx_hal_adc.o
LOAD build/stm32f4xx_hal_adc_ex.o
LOAD build/stm32f4xx_ll_adc.o
LOAD build/usb_device.o
LOAD build/usbd_desc.o
LOAD build/usbd_cdc_if.o
LOAD build/usbd_conf.o
LOAD build/usbd_core.o
LOAD build/usbd_ctlreq.o
LOAD build/usbd_ioreq.o
LOAD build/usbd_cdc.o
LOAD build/startup_stm32f411xe.o
LOAD c:/arm-gcc/tools/arm-gnu-toolchain-11.3.rel1-mingw-w64-i686-arm-none-eabi/bin/../lib/gcc/arm-none-eabi/11.3.1/thumb/v7e-m+fp/hard\libc_nano.a
LOAD c:/arm-gcc/tools/arm-gnu-toolchain-11.3.rel1-mingw-w64-i686-arm-none-eabi/bin/../lib/gcc/arm-none-eabi/11.3.1/thumb/v7e-m+fp/hard\libm.a
LOAD c:/arm-gcc/tools/arm-gnu-toolchain-11.3.rel1-mingw-w64-i686-arm-none-eabi/bin/../lib/gcc/arm-none-eabi/11.3.1/thumb/v7e-m+fp/hard\libnosys.a
START GROUP
LOAD c:/arm-gcc/tools/arm-gnu-toolchain-11.3.rel1-mingw-w64-i686-arm-none-eabi/bin/../lib/gcc/arm-none-eabi/11.3.1/thumb/v7e-m+fp/hard\libgcc.a
LOAD c:/arm-gcc/tools/arm-gnu-toolchain-11.3.rel1-mingw-w64-i686-arm-none-eabi/bin/../lib/gcc/arm-none-eabi/11.3.1/thumb/v7e-m+fp/hard\libc_nano.a
END GROUP
START GROUP
LOAD c:/arm-gcc/tools/arm-gnu-toolchain-11.3.rel1-mingw-w64-i686-arm-none-eabi/bin/../lib/gcc/arm-none-eabi/11.3.1/thumb/v7e-m+fp/hard\libgcc.a
LOAD c:/arm-gcc/tools/arm-gnu-toolchain-11.3.rel1-mingw-w64-i686-arm-none-eabi/bin/../lib/gcc/arm-none-eabi/11.3.1/thumb/v7e-m+fp/hard\libc_nano.a
END GROUP
LOAD c:/arm-gcc/tools/arm-gnu-toolchain-11.3.rel1-mingw-w64-i686-arm-none-eabi/bin/../lib/gcc/arm-none-eabi/11.3.1/thumb/v7e-m+fp/hard/crtend.o
LOAD c:/arm-gcc/tools/arm-gnu-toolchain-11.3.rel1-mingw-w64-i686-arm-none-eabi/bin/../lib/gcc/arm-none-eabi/11.3.1/thumb/v7e-m+fp/hard/crtn.o
                0x20020000                _estack = (ORIGIN (RAM) + LENGTH (RAM))
                0x00000200                _Min_Heap_Size = 0x200
                0x00000400                _Min_Stack_Size = 0x400

.isr_vector     0x08000000      0x198
                0x08000000                . = ALIGN (0x4)
 *(.isr_vector)
 .isr_vector    0x08000000      0x198 build/startup_stm32f411xe.o
                0x08000000                g_pfnVectors
                0x08000198                . = ALIGN (0x4)

.text           0x080001a0     0x9220
                0x080001a0                . = ALIGN (0x4)
 *(.text)
 .text          0x080001a0       0x10 c:/arm-gcc/tools/arm-gnu-toolchain-11.3.rel1-mingw-w64-i686-arm-none-eabi/bin/../lib/gcc/arm-none-eabi/11.3.1/thumb/v7e-m+fp/hard\libc_nano.a(libc_a-strlen.o)
                0x080001a0                strlen
 .text          0x080001b0       0xa0 c:/arm-gcc/tools/arm-gnu-toolchain-11.3.rel1-mingw-w64-i686-arm-none-eabi/bin/../lib/gcc/arm-none-eabi/11.3.1/thumb/v7e-m+fp/hard\libc_nano.a(libc_a-memchr.o)
                0x080001b0                memchr
 .text          0x08000250      0x254 c:/arm-gcc/tools/arm-gnu-toolchain-11.3.rel1-mingw-w64-i686-arm-none-eabi/bin/../lib/gcc/arm-none-eabi/11.3.1/thumb/v7e-m+fp/hard\libgcc.a(_arm_muldf3.o)
                0x08000250                __muldf3
                0x08000250                __aeabi_dmul
 .text          0x080004a4      0x378 c:/arm-gcc/tools/arm-gnu-toolchain-11.3.rel1-mingw-w64-i686-arm-none-eabi/bin/../lib/gcc/arm-none-eabi/11.3.1/thumb/v7e-m+fp/hard\libgcc.a(_arm_addsubdf3.o)
                0x080004a4                __aeabi_drsub
                0x080004ac                __aeabi_dsub
                0x080004ac                __subdf3
                0x080004b0                __aeabi_dadd
                0x080004b0                __adddf3
                0x08000728                __floatunsidf
                0x08000728                __aeabi_ui2d
                0x08000748                __floatsidf
                0x08000748                __aeabi_i2d
                0x0800076c                __aeabi_f2d
                0x0800076c                __extendsfdf2
                0x080007b0                __floatundidf
                0x080007b0                __aeabi_ul2d
                0x080007c0                __floatdidf
                0x080007c0                __aeabi_l2d
 .text          0x0800081c       0xa0 c:/arm-gcc/tools/arm-gnu-toolchain-11.3.rel1-mingw-w64-i686-arm-none-eabi/bin/../lib/gcc/arm-none-eabi/11.3.1/thumb/v7e-m+fp/hard\libgcc.a(_arm_truncdfsf2.o)
                0x0800081c                __truncdfsf2
                0x0800081c                __aeabi_d2f
 .text          0x080008bc       0x30 c:/arm-gcc/tools/arm-gnu-toolchain-11.3.rel1-mingw-w64-i686-arm-none-eabi/bin/../lib/gcc/arm-none-eabi/11.3.1/thumb/v7e-m+fp/hard\libgcc.a(_aeabi_uldivmod.o)
                0x080008bc                __aeabi_uldivmod
 .text          0x080008ec        0x4 c:/arm-gcc/tools/arm-gnu-toolchain-11.3.rel1-mingw-w64-i686-arm-none-eabi/bin/../lib/gcc/arm-none-eabi/11.3.1/thumb/v7e-m+fp/hard\libgcc.a(_dvmd_tls.o)
                0x080008ec                __aeabi_idiv0
                0x080008ec                __aeabi_ldiv0
 *(.text*)
 .text.deregister_tm_clones
                0x080008f0       0x1c c:/arm-gcc/tools/arm-gnu-toolchain-11.3.rel1-mingw-w64-i686-arm-none-eabi/bin/../lib/gcc/arm-none-eabi/11.3.1/thumb/v7e-m+fp/hard/crtbegin.o
 .text.register_tm_clones
                0x0800090c       0x24 c:/arm-gcc/tools/arm-gnu-toolchain-11.3.rel1-mingw-w64-i686-arm-none-eabi/bin/../lib/gcc/arm-none-eabi/11.3.1/thumb/v7e-m+fp/hard/crtbegin.o
 .text.__do_global_dtors_aux
                0x08000930       0x28 c:/arm-gcc/tools/arm-gnu-toolchain-11.3.rel1-mingw-w64-i686-arm-none-eabi/bin/../lib/gcc/arm-none-eabi/11.3.1/thumb/v7e-m+fp/hard/crtbegin.o
 .text.frame_dummy
                0x08000958       0x24 c:/arm-gcc/tools/arm-gnu-toolchain-11.3.rel1-mingw-w64-i686-arm-none-eabi/bin/../lib/gcc/arm-none-eabi/11.3.1/thumb/v7e-m+fp/hard/crtbegin.o
 .text.main     0x0800097c      0x1c0 build/main.o
                0x0800097c                main
 *fill*         0x08000b3c        0x4 
 .text.readPin  0x08000b40       0xb4 build/main.o
                0x08000b40                readPin
 .text.SystemClock_Config
                0x08000bf4       0xd8 build/main.o
                0x08000bf4                SystemClock_Config
 .text.MX_ADC1_Init
                0x08000ccc       0xa4 build/main.o
 .text.MX_TIM2_Init
                0x08000d70       0xc8 build/main.o
 .text.MX_GPIO_Init
                0x08000e38       0x94 build/main.o
 .text.Error_Handler
                0x08000ecc        0xa build/main.o
                0x08000ecc                Error_Handler
 .text.NMI_Handler
                0x08000ed6        0x6 build/stm32f4xx_it.o
                0x08000ed6                NMI_Handler
 .text.HardFault_Handler
                0x08000edc        0x6 build/stm32f4xx_it.o
                0x08000edc                HardFault_Handler
 .text.MemManage_Handler
                0x08000ee2        0x6 build/stm32f4xx_it.o
                0x08000ee2                MemManage_Handler
 .text.BusFault_Handler
                0x08000ee8        0x6 build/stm32f4xx_it.o
                0x08000ee8                BusFault_Handler
 .text.UsageFault_Handler
                0x08000eee        0x6 build/stm32f4xx_it.o
                0x08000eee                UsageFault_Handler
 .text.SVC_Handler
                0x08000ef4        0xe build/stm32f4xx_it.o
                0x08000ef4                SVC_Handler
 .text.DebugMon_Handler
                0x08000f02        0xe build/stm32f4xx_it.o
                0x08000f02                DebugMon_Handler
 .text.PendSV_Handler
                0x08000f10        0xe build/stm32f4xx_it.o
                0x08000f10                PendSV_Handler
 .text.SysTick_Handler
                0x08000f1e        0xc build/stm32f4xx_it.o
                0x08000f1e                SysTick_Handler
 *fill*         0x08000f2a        0x2 
 .text.OTG_FS_IRQHandler
                0x08000f2c       0x14 build/stm32f4xx_it.o
                0x08000f2c                OTG_FS_IRQHandler
 .text.HAL_MspInit
                0x08000f40       0x50 build/stm32f4xx_hal_msp.o
                0x08000f40                HAL_MspInit
 .text.HAL_ADC_MspInit
                0x08000f90       0x88 build/stm32f4xx_hal_msp.o
                0x08000f90                HAL_ADC_MspInit
 .text.HAL_TIM_PWM_MspInit
                0x08001018       0x40 build/stm32f4xx_hal_msp.o
                0x08001018                HAL_TIM_PWM_MspInit
 .text.HAL_TIM_MspPostInit
                0x08001058       0x70 build/stm32f4xx_hal_msp.o
                0x08001058                HAL_TIM_MspPostInit
 .text.HAL_TIM_PWM_Init
                0x080010c8       0x9e build/stm32f4xx_hal_tim.o
                0x080010c8                HAL_TIM_PWM_Init
 *fill*         0x08001166        0x2 
 .text.HAL_TIM_PWM_Start
                0x08001168      0x160 build/stm32f4xx_hal_tim.o
                0x08001168                HAL_TIM_PWM_Start
 .text.HAL_TIM_PWM_ConfigChannel
                0x080012c8      0x184 build/stm32f4xx_hal_tim.o
                0x080012c8                HAL_TIM_PWM_ConfigChannel
 .text.TIM_Base_SetConfig
                0x0800144c      0x100 build/stm32f4xx_hal_tim.o
                0x0800144c                TIM_Base_SetConfig
 .text.TIM_OC1_SetConfig
                0x0800154c       0xcc build/stm32f4xx_hal_tim.o
 .text.TIM_OC2_SetConfig
                0x08001618       0xd8 build/stm32f4xx_hal_tim.o
                0x08001618                TIM_OC2_SetConfig
 .text.TIM_OC3_SetConfig
                0x080016f0       0xd4 build/stm32f4xx_hal_tim.o
 .text.TIM_OC4_SetConfig
                0x080017c4       0xa0 build/stm32f4xx_hal_tim.o
 .text.TIM_CCxChannelCmd
                0x08001864       0x4a build/stm32f4xx_hal_tim.o
                0x08001864                TIM_CCxChannelCmd
 *fill*         0x080018ae        0x2 
 .text.HAL_TIMEx_MasterConfigSynchronization
                0x080018b0       0xdc build/stm32f4xx_hal_tim_ex.o
                0x080018b0                HAL_TIMEx_MasterConfigSynchronization
 .text.HAL_RCC_OscConfig
                0x0800198c      0x4f0 build/stm32f4xx_hal_rcc.o
                0x0800198c                HAL_RCC_OscConfig
 .text.HAL_RCC_ClockConfig
                0x08001e7c      0x1cc build/stm32f4xx_hal_rcc.o
                0x08001e7c                HAL_RCC_ClockConfig
 .text.HAL_RCC_GetSysClockFreq
                0x08002048      0x18c build/stm32f4xx_hal_rcc.o
                0x08002048                HAL_RCC_GetSysClockFreq
 .text.HAL_RCC_GetHCLKFreq
                0x080021d4       0x18 build/stm32f4xx_hal_rcc.o
                0x080021d4                HAL_RCC_GetHCLKFreq
 .text.HAL_GPIO_Init
                0x080021ec      0x308 build/stm32f4xx_hal_gpio.o
                0x080021ec                HAL_GPIO_Init
 .text.__NVIC_SetPriorityGrouping
                0x080024f4       0x48 build/stm32f4xx_hal_cortex.o
 .text.__NVIC_GetPriorityGrouping
                0x0800253c       0x1c build/stm32f4xx_hal_cortex.o
 .text.__NVIC_EnableIRQ
                0x08002558       0x3c build/stm32f4xx_hal_cortex.o
 .text.__NVIC_SetPriority
                0x08002594       0x54 build/stm32f4xx_hal_cortex.o
 .text.NVIC_EncodePriority
                0x080025e8       0x66 build/stm32f4xx_hal_cortex.o
 *fill*         0x0800264e        0x2 
 .text.SysTick_Config
                0x08002650       0x44 build/stm32f4xx_hal_cortex.o
 .text.HAL_NVIC_SetPriorityGrouping
                0x08002694       0x16 build/stm32f4xx_hal_cortex.o
                0x08002694                HAL_NVIC_SetPriorityGrouping
 .text.HAL_NVIC_SetPriority
                0x080026aa       0x38 build/stm32f4xx_hal_cortex.o
                0x080026aa                HAL_NVIC_SetPriority
 .text.HAL_NVIC_EnableIRQ
                0x080026e2       0x1c build/stm32f4xx_hal_cortex.o
                0x080026e2                HAL_NVIC_EnableIRQ
 .text.HAL_SYSTICK_Config
                0x080026fe       0x18 build/stm32f4xx_hal_cortex.o
                0x080026fe                HAL_SYSTICK_Config
 *fill*         0x08002716        0x2 
 .text.HAL_Init
                0x08002718       0x44 build/stm32f4xx_hal.o
                0x08002718                HAL_Init
 .text.HAL_InitTick
                0x0800275c       0x60 build/stm32f4xx_hal.o
                0x0800275c                HAL_InitTick
 .text.HAL_IncTick
                0x080027bc       0x28 build/stm32f4xx_hal.o
                0x080027bc                HAL_IncTick
 .text.HAL_GetTick
                0x080027e4       0x18 build/stm32f4xx_hal.o
                0x080027e4                HAL_GetTick
 .text.HAL_Delay
                0x080027fc       0x48 build/stm32f4xx_hal.o
                0x080027fc                HAL_Delay
 .text.SystemInit
                0x08002844       0x24 build/system_stm32f4xx.o
                0x08002844                SystemInit
 .text.HAL_PCD_Init
                0x08002868      0x23a build/stm32f4xx_hal_pcd.o
                0x08002868                HAL_PCD_Init
 .text.HAL_PCD_Start
                0x08002aa2       0x66 build/stm32f4xx_hal_pcd.o
                0x08002aa2                HAL_PCD_Start
 .text.HAL_PCD_IRQHandler
                0x08002b08      0x93e build/stm32f4xx_hal_pcd.o
                0x08002b08                HAL_PCD_IRQHandler
 .text.HAL_PCD_SetAddress
                0x08003446       0x4a build/stm32f4xx_hal_pcd.o
                0x08003446                HAL_PCD_SetAddress
 .text.HAL_PCD_EP_Open
                0x08003490       0xd0 build/stm32f4xx_hal_pcd.o
                0x08003490                HAL_PCD_EP_Open
 .text.HAL_PCD_EP_Close
                0x08003560       0x94 build/stm32f4xx_hal_pcd.o
                0x08003560                HAL_PCD_EP_Close
 .text.HAL_PCD_EP_Receive
                0x080035f4       0x96 build/stm32f4xx_hal_pcd.o
                0x080035f4                HAL_PCD_EP_Receive
 .text.HAL_PCD_EP_GetRxCount
                0x0800368a       0x30 build/stm32f4xx_hal_pcd.o
                0x0800368a                HAL_PCD_EP_GetRxCount
 .text.HAL_PCD_EP_Transmit
                0x080036ba       0x94 build/stm32f4xx_hal_pcd.o
                0x080036ba                HAL_PCD_EP_Transmit
 .text.HAL_PCD_EP_SetStall
                0x0800374e       0xc8 build/stm32f4xx_hal_pcd.o
                0x0800374e                HAL_PCD_EP_SetStall
 .text.HAL_PCD_EP_ClrStall
                0x08003816       0xac build/stm32f4xx_hal_pcd.o
                0x08003816                HAL_PCD_EP_ClrStall
 .text.HAL_PCD_EP_Abort
                0x080038c2       0x62 build/stm32f4xx_hal_pcd.o
                0x080038c2                HAL_PCD_EP_Abort
 .text.PCD_WriteEmptyTxFifo
                0x08003924      0x11a build/stm32f4xx_hal_pcd.o
 *fill*         0x08003a3e        0x2 
 .text.PCD_EP_OutXfrComplete_int
                0x08003a40      0x1d0 build/stm32f4xx_hal_pcd.o
 .text.PCD_EP_OutSetupPacket_int
                0x08003c10       0x8c build/stm32f4xx_hal_pcd.o
 .text.HAL_PCDEx_SetTxFiFo
                0x08003c9c       0x8e build/stm32f4xx_hal_pcd_ex.o
                0x08003c9c                HAL_PCDEx_SetTxFiFo
 .text.HAL_PCDEx_SetRxFiFo
                0x08003d2a       0x22 build/stm32f4xx_hal_pcd_ex.o
                0x08003d2a                HAL_PCDEx_SetRxFiFo
 .text.HAL_PCDEx_LPM_Callback
                0x08003d4c       0x18 build/stm32f4xx_hal_pcd_ex.o
                0x08003d4c                HAL_PCDEx_LPM_Callback
 .text.USB_CoreInit
                0x08003d64       0xc2 build/stm32f4xx_ll_usb.o
                0x08003d64                USB_CoreInit
 *fill*         0x08003e26        0x2 
 .text.USB_SetTurnaroundTime
                0x08003e28      0x144 build/stm32f4xx_ll_usb.o
                0x08003e28                USB_SetTurnaroundTime
 .text.USB_EnableGlobalInt
                0x08003f6c       0x22 build/stm32f4xx_ll_usb.o
                0x08003f6c                USB_EnableGlobalInt
 .text.USB_DisableGlobalInt
                0x08003f8e       0x22 build/stm32f4xx_ll_usb.o
                0x08003f8e                USB_DisableGlobalInt
 .text.USB_SetCurrentMode
                0x08003fb0       0x98 build/stm32f4xx_ll_usb.o
                0x08003fb0                USB_SetCurrentMode
 .text.USB_DevInit
                0x08004048      0x2c8 build/stm32f4xx_ll_usb.o
                0x08004048                USB_DevInit
 .text.USB_FlushTxFifo
                0x08004310       0x68 build/stm32f4xx_ll_usb.o
                0x08004310                USB_FlushTxFifo
 .text.USB_FlushRxFifo
                0x08004378       0x60 build/stm32f4xx_ll_usb.o
                0x08004378                USB_FlushRxFifo
 .text.USB_SetDevSpeed
                0x080043d8       0x32 build/stm32f4xx_ll_usb.o
                0x080043d8                USB_SetDevSpeed
 .text.USB_GetDevSpeed
                0x0800440a       0x4a build/stm32f4xx_ll_usb.o
                0x0800440a                USB_GetDevSpeed
 .text.USB_ActivateEndpoint
                0x08004454      0x10e build/stm32f4xx_ll_usb.o
                0x08004454                USB_ActivateEndpoint
 *fill*         0x08004562        0x2 
 .text.USB_DeactivateEndpoint
                0x08004564      0x1b8 build/stm32f4xx_ll_usb.o
                0x08004564                USB_DeactivateEndpoint
 .text.USB_EPStartXfer
                0x0800471c      0x490 build/stm32f4xx_ll_usb.o
                0x0800471c                USB_EPStartXfer
 .text.USB_EP0StartXfer
                0x08004bac      0x2b0 build/stm32f4xx_ll_usb.o
                0x08004bac                USB_EP0StartXfer
 .text.USB_EPStopXfer
                0x08004e5c      0x154 build/stm32f4xx_ll_usb.o
                0x08004e5c                USB_EPStopXfer
 .text.USB_WritePacket
                0x08004fb0       0x7c build/stm32f4xx_ll_usb.o
                0x08004fb0                USB_WritePacket
 .text.USB_ReadPacket
                0x0800502c       0xb0 build/stm32f4xx_ll_usb.o
                0x0800502c                USB_ReadPacket
 .text.USB_EPSetStall
                0x080050dc       0xdc build/stm32f4xx_ll_usb.o
                0x080050dc                USB_EPSetStall
 .text.USB_EPClearStall
                0x080051b8       0xcc build/stm32f4xx_ll_usb.o
                0x080051b8                USB_EPClearStall
 .text.USB_SetDevAddress
                0x08005284       0x4c build/stm32f4xx_ll_usb.o
                0x08005284                USB_SetDevAddress
 .text.USB_DevConnect
                0x080052d0       0x42 build/stm32f4xx_ll_usb.o
                0x080052d0                USB_DevConnect
 .text.USB_DevDisconnect
                0x08005312       0x42 build/stm32f4xx_ll_usb.o
                0x08005312                USB_DevDisconnect
 .text.USB_ReadInterrupts
                0x08005354       0x26 build/stm32f4xx_ll_usb.o
                0x08005354                USB_ReadInterrupts
 .text.USB_ReadDevAllOutEpInterrupt
                0x0800537a       0x34 build/stm32f4xx_ll_usb.o
                0x0800537a                USB_ReadDevAllOutEpInterrupt
 .text.USB_ReadDevAllInEpInterrupt
                0x080053ae       0x34 build/stm32f4xx_ll_usb.o
                0x080053ae                USB_ReadDevAllInEpInterrupt
 .text.USB_ReadDevOutEPInterrupt
                0x080053e2       0x3c build/stm32f4xx_ll_usb.o
                0x080053e2                USB_ReadDevOutEPInterrupt
 .text.USB_ReadDevInEPInterrupt
                0x0800541e       0x5c build/stm32f4xx_ll_usb.o
                0x0800541e                USB_ReadDevInEPInterrupt
 .text.USB_GetMode
                0x0800547a       0x1c build/stm32f4xx_ll_usb.o
                0x0800547a                USB_GetMode
 .text.USB_ActivateSetup
                0x08005496       0x46 build/stm32f4xx_ll_usb.o
                0x08005496                USB_ActivateSetup
 .text.USB_EP0_OutStart
                0x080054dc       0xbc build/stm32f4xx_ll_usb.o
                0x080054dc                USB_EP0_OutStart
 .text.USB_CoreReset
                0x08005598       0x68 build/stm32f4xx_ll_usb.o
 .text.HAL_ADC_Init
                0x08005600       0x86 build/stm32f4xx_hal_adc.o
                0x08005600                HAL_ADC_Init
 *fill*         0x08005686        0x2 
 .text.HAL_ADC_Start
                0x08005688      0x168 build/stm32f4xx_hal_adc.o
                0x08005688                HAL_ADC_Start
 .text.HAL_ADC_PollForConversion
                0x080057f0      0x116 build/stm32f4xx_hal_adc.o
                0x080057f0                HAL_ADC_PollForConversion
 .text.HAL_ADC_GetValue
                0x08005906       0x1a build/stm32f4xx_hal_adc.o
                0x08005906                HAL_ADC_GetValue
 .text.HAL_ADC_ConfigChannel
                0x08005920      0x264 build/stm32f4xx_hal_adc.o
                0x08005920                HAL_ADC_ConfigChannel
 .text.ADC_Init
                0x08005b84      0x1f8 build/stm32f4xx_hal_adc.o
 .text.MX_USB_DEVICE_Init
                0x08005d7c       0x60 build/usb_device.o
                0x08005d7c                MX_USB_DEVICE_Init
 .text.USBD_FS_DeviceDescriptor
                0x08005ddc       0x24 build/usbd_desc.o
                0x08005ddc                USBD_FS_DeviceDescriptor
 .text.USBD_FS_LangIDStrDescriptor
                0x08005e00       0x24 build/usbd_desc.o
                0x08005e00                USBD_FS_LangIDStrDescriptor
 .text.USBD_FS_ProductStrDescriptor
                0x08005e24       0x3c build/usbd_desc.o
                0x08005e24                USBD_FS_ProductStrDescriptor
 .text.USBD_FS_ManufacturerStrDescriptor
                0x08005e60       0x28 build/usbd_desc.o
                0x08005e60                USBD_FS_ManufacturerStrDescriptor
 .text.USBD_FS_SerialStrDescriptor
                0x08005e88       0x24 build/usbd_desc.o
                0x08005e88                USBD_FS_SerialStrDescriptor
 .text.USBD_FS_ConfigStrDescriptor
                0x08005eac       0x3c build/usbd_desc.o
                0x08005eac                USBD_FS_ConfigStrDescriptor
 .text.USBD_FS_InterfaceStrDescriptor
                0x08005ee8       0x3c build/usbd_desc.o
                0x08005ee8                USBD_FS_InterfaceStrDescriptor
 .text.Get_SerialNum
                0x08005f24       0x58 build/usbd_desc.o
 .text.IntToUnicode
                0x08005f7c       0x7e build/usbd_desc.o
 *fill*         0x08005ffa        0x2 
 .text.CDC_Init_FS
                0x08005ffc       0x28 build/usbd_cdc_if.o
 .text.CDC_DeInit_FS
                0x08006024       0x10 build/usbd_cdc_if.o
 .text.CDC_Control_FS
                0x08006034       0xbc build/usbd_cdc_if.o
 .text.CDC_Receive_FS
                0x080060f0       0x44 build/usbd_cdc_if.o
 .text.CDC_Transmit_FS
                0x08006134       0x4c build/usbd_cdc_if.o
                0x08006134                CDC_Transmit_FS
 .text.CDC_TransmitCplt_FS
                0x08006180       0x22 build/usbd_cdc_if.o
 *fill*         0x080061a2        0x2 
 .text.HAL_PCD_MspInit
                0x080061a4       0xa8 build/usbd_conf.o
                0x080061a4                HAL_PCD_MspInit
 .text.HAL_PCD_SetupStageCallback
                0x0800624c       0x24 build/usbd_conf.o
                0x0800624c                HAL_PCD_SetupStageCallback
 .text.HAL_PCD_DataOutStageCallback
                0x08006270       0x36 build/usbd_conf.o
                0x08006270                HAL_PCD_DataOutStageCallback
 .text.HAL_PCD_DataInStageCallback
                0x080062a6       0x34 build/usbd_conf.o
                0x080062a6                HAL_PCD_DataInStageCallback
 .text.HAL_PCD_SOFCallback
                0x080062da       0x1c build/usbd_conf.o
                0x080062da                HAL_PCD_SOFCallback
 .text.HAL_PCD_ResetCallback
                0x080062f6       0x3c build/usbd_conf.o
                0x080062f6                HAL_PCD_ResetCallback
 *fill*         0x08006332        0x2 
 .text.HAL_PCD_SuspendCallback
                0x08006334       0x4c build/usbd_conf.o
                0x08006334                HAL_PCD_SuspendCallback
 .text.HAL_PCD_ResumeCallback
                0x08006380       0x1c build/usbd_conf.o
                0x08006380                HAL_PCD_ResumeCallback
 .text.HAL_PCD_ISOOUTIncompleteCallback
                0x0800639c       0x24 build/usbd_conf.o
                0x0800639c                HAL_PCD_ISOOUTIncompleteCallback
 .text.HAL_PCD_ISOINIncompleteCallback
                0x080063c0       0x24 build/usbd_conf.o
                0x080063c0                HAL_PCD_ISOINIncompleteCallback
 .text.HAL_PCD_ConnectCallback
                0x080063e4       0x1c build/usbd_conf.o
                0x080063e4                HAL_PCD_ConnectCallback
 .text.HAL_PCD_DisconnectCallback
                0x08006400       0x1c build/usbd_conf.o
                0x08006400                HAL_PCD_DisconnectCallback
 .text.USBD_LL_Init
                0x0800641c       0x98 build/usbd_conf.o
                0x0800641c                USBD_LL_Init
 .text.USBD_LL_Start
                0x080064b4       0x36 build/usbd_conf.o
                0x080064b4                USBD_LL_Start
 .text.USBD_LL_OpenEP
                0x080064ea       0x4c build/usbd_conf.o
                0x080064ea                USBD_LL_OpenEP
 .text.USBD_LL_CloseEP
                0x08006536       0x3e build/usbd_conf.o
                0x08006536                USBD_LL_CloseEP
 .text.USBD_LL_StallEP
                0x08006574       0x3e build/usbd_conf.o
                0x08006574                USBD_LL_StallEP
 .text.USBD_LL_ClearStallEP
                0x080065b2       0x3e build/usbd_conf.o
                0x080065b2                USBD_LL_ClearStallEP
 .text.USBD_LL_IsStallEP
                0x080065f0       0x58 build/usbd_conf.o
                0x080065f0                USBD_LL_IsStallEP
 .text.USBD_LL_SetUSBAddress
                0x08006648       0x3e build/usbd_conf.o
                0x08006648                USBD_LL_SetUSBAddress
 .text.USBD_LL_Transmit
                0x08006686       0x42 build/usbd_conf.o
                0x08006686                USBD_LL_Transmit
 .text.USBD_LL_PrepareReceive
                0x080066c8       0x42 build/usbd_conf.o
                0x080066c8                USBD_LL_PrepareReceive
 .text.USBD_LL_GetRxDataSize
                0x0800670a       0x26 build/usbd_conf.o
                0x0800670a                USBD_LL_GetRxDataSize
 .text.USBD_static_malloc
                0x08006730       0x1c build/usbd_conf.o
                0x08006730                USBD_static_malloc
 .text.USBD_static_free
                0x0800674c       0x14 build/usbd_conf.o
                0x0800674c                USBD_static_free
 .text.USBD_Get_USB_Status
                0x08006760       0x58 build/usbd_conf.o
                0x08006760                USBD_Get_USB_Status
 .text.USBD_Init
                0x080067b8       0x60 build/usbd_core.o
                0x080067b8                USBD_Init
 .text.USBD_RegisterClass
                0x08006818       0x6c build/usbd_core.o
                0x08006818                USBD_RegisterClass
 .text.USBD_Start
                0x08006884       0x18 build/usbd_core.o
                0x08006884                USBD_Start
 .text.USBD_RunTestMode
                0x0800689c       0x16 build/usbd_core.o
                0x0800689c                USBD_RunTestMode
 .text.USBD_SetClassConfig
                0x080068b2       0x38 build/usbd_core.o
                0x080068b2                USBD_SetClassConfig
 .text.USBD_ClrClassConfig
                0x080068ea       0x34 build/usbd_core.o
                0x080068ea                USBD_ClrClassConfig
 .text.USBD_LL_SetupStage
                0x0800691e       0xaa build/usbd_core.o
                0x0800691e                USBD_LL_SetupStage
 .text.USBD_LL_DataOutStage
                0x080069c8      0x166 build/usbd_core.o
                0x080069c8                USBD_LL_DataOutStage
 .text.USBD_LL_DataInStage
                0x08006b2e      0x164 build/usbd_core.o
                0x08006b2e                USBD_LL_DataInStage
 .text.USBD_LL_Reset
                0x08006c92       0xa4 build/usbd_core.o
                0x08006c92                USBD_LL_Reset
 .text.USBD_LL_SetSpeed
                0x08006d36       0x20 build/usbd_core.o
                0x08006d36                USBD_LL_SetSpeed
 .text.USBD_LL_Suspend
                0x08006d56       0x2c build/usbd_core.o
                0x08006d56                USBD_LL_Suspend
 .text.USBD_LL_Resume
                0x08006d82       0x30 build/usbd_core.o
                0x08006d82                USBD_LL_Resume
 .text.USBD_LL_SOF
                0x08006db2       0x40 build/usbd_core.o
                0x08006db2                USBD_LL_SOF
 .text.USBD_LL_IsoINIncomplete
                0x08006df2       0x64 build/usbd_core.o
                0x08006df2                USBD_LL_IsoINIncomplete
 .text.USBD_LL_IsoOUTIncomplete
                0x08006e56       0x64 build/usbd_core.o
                0x08006e56                USBD_LL_IsoOUTIncomplete
 .text.USBD_LL_DevConnected
                0x08006eba       0x16 build/usbd_core.o
                0x08006eba                USBD_LL_DevConnected
 .text.USBD_LL_DevDisconnected
                0x08006ed0       0x46 build/usbd_core.o
                0x08006ed0                USBD_LL_DevDisconnected
 .text.USBD_CoreFindIF
                0x08006f16       0x1a build/usbd_core.o
                0x08006f16                USBD_CoreFindIF
 .text.USBD_CoreFindEP
                0x08006f30       0x1a build/usbd_core.o
                0x08006f30                USBD_CoreFindEP
 .text.USBD_GetEpDesc
                0x08006f4a       0x74 build/usbd_core.o
                0x08006f4a                USBD_GetEpDesc
 .text.USBD_GetNextDesc
                0x08006fbe       0x3a build/usbd_core.o
                0x08006fbe                USBD_GetNextDesc
 .text.SWAPBYTE
                0x08006ff8       0x3c build/usbd_ctlreq.o
 .text.USBD_StdDevReq
                0x08007034       0xe4 build/usbd_ctlreq.o
                0x08007034                USBD_StdDevReq
 .text.USBD_StdItfReq
                0x08007118       0xd8 build/usbd_ctlreq.o
                0x08007118                USBD_StdItfReq
 .text.USBD_StdEPReq
                0x080071f0      0x33a build/usbd_ctlreq.o
                0x080071f0                USBD_StdEPReq
 *fill*         0x0800752a        0x2 
 .text.USBD_GetDescriptor
                0x0800752c      0x2d4 build/usbd_ctlreq.o
 .text.USBD_SetAddress
                0x08007800       0x88 build/usbd_ctlreq.o
 .text.USBD_SetConfig
                0x08007888      0x154 build/usbd_ctlreq.o
 .text.USBD_GetConfig
                0x080079dc       0x6c build/usbd_ctlreq.o
 .text.USBD_GetStatus
                0x08007a48       0x68 build/usbd_ctlreq.o
 .text.USBD_SetFeature
                0x08007ab0       0x52 build/usbd_ctlreq.o
 .text.USBD_ClrFeature
                0x08007b02       0x44 build/usbd_ctlreq.o
 .text.USBD_ParseSetupRequest
                0x08007b46       0x74 build/usbd_ctlreq.o
                0x08007b46                USBD_ParseSetupRequest
 .text.USBD_CtlError
                0x08007bba       0x22 build/usbd_ctlreq.o
                0x08007bba                USBD_CtlError
 .text.USBD_GetString
                0x08007bdc       0x8c build/usbd_ctlreq.o
                0x08007bdc                USBD_GetString
 .text.USBD_GetLen
                0x08007c68       0x34 build/usbd_ctlreq.o
 .text.USBD_CtlSendData
                0x08007c9c       0x36 build/usbd_ioreq.o
                0x08007c9c                USBD_CtlSendData
 .text.USBD_CtlContinueSendData
                0x08007cd2       0x22 build/usbd_ioreq.o
                0x08007cd2                USBD_CtlContinueSendData
 .text.USBD_CtlPrepareRx
                0x08007cf4       0x3a build/usbd_ioreq.o
                0x08007cf4                USBD_CtlPrepareRx
 .text.USBD_CtlContinueRx
                0x08007d2e       0x22 build/usbd_ioreq.o
                0x08007d2e                USBD_CtlContinueRx
 .text.USBD_CtlSendStatus
                0x08007d50       0x26 build/usbd_ioreq.o
                0x08007d50                USBD_CtlSendStatus
 .text.USBD_CtlReceiveStatus
                0x08007d76       0x26 build/usbd_ioreq.o
                0x08007d76                USBD_CtlReceiveStatus
 .text.USBD_CDC_Init
                0x08007d9c      0x1f0 build/usbd_cdc.o
 .text.USBD_CDC_DeInit
                0x08007f8c      0x104 build/usbd_cdc.o
 .text.USBD_CDC_Setup
                0x08008090      0x1b8 build/usbd_cdc.o
 .text.USBD_CDC_DataIn
                0x08008248       0xfe build/usbd_cdc.o
 .text.USBD_CDC_DataOut
                0x08008346       0x70 build/usbd_cdc.o
 .text.USBD_CDC_EP0_RxReady
                0x080083b6       0x76 build/usbd_cdc.o
 .text.USBD_CDC_GetFSCfgDesc
                0x0800842c       0x70 build/usbd_cdc.o
 .text.USBD_CDC_GetHSCfgDesc
                0x0800849c       0x70 build/usbd_cdc.o
 .text.USBD_CDC_GetOtherSpeedCfgDesc
                0x0800850c       0x70 build/usbd_cdc.o
 .text.USBD_CDC_GetDeviceQualifierDescriptor
                0x0800857c       0x20 build/usbd_cdc.o
                0x0800857c                USBD_CDC_GetDeviceQualifierDescriptor
 .text.USBD_CDC_RegisterInterface
                0x0800859c       0x34 build/usbd_cdc.o
                0x0800859c                USBD_CDC_RegisterInterface
 .text.USBD_CDC_SetTxBuffer
                0x080085d0       0x44 build/usbd_cdc.o
                0x080085d0                USBD_CDC_SetTxBuffer
 .text.USBD_CDC_SetRxBuffer
                0x08008614       0x3a build/usbd_cdc.o
                0x08008614                USBD_CDC_SetRxBuffer
 *fill*         0x0800864e        0x2 
 .text.USBD_CDC_TransmitPacket
                0x08008650       0x8c build/usbd_cdc.o
                0x08008650                USBD_CDC_TransmitPacket
 .text.USBD_CDC_ReceivePacket
                0x080086dc       0x6c build/usbd_cdc.o
                0x080086dc                USBD_CDC_ReceivePacket
 .text.Reset_Handler
                0x08008748       0x50 build/startup_stm32f411xe.o
                0x08008748                Reset_Handler
 .text.Default_Handler
                0x08008798        0x2 build/startup_stm32f411xe.o
                0x08008798                RTC_Alarm_IRQHandler
                0x08008798                EXTI2_IRQHandler
                0x08008798                SPI4_IRQHandler
                0x08008798                TIM1_CC_IRQHandler
                0x08008798                DMA2_Stream5_IRQHandler
                0x08008798                DMA1_Stream5_IRQHandler
                0x08008798                PVD_IRQHandler
                0x08008798                SDIO_IRQHandler
                0x08008798                TAMP_STAMP_IRQHandler
                0x08008798                EXTI3_IRQHandler
                0x08008798                TIM1_UP_TIM10_IRQHandler
                0x08008798                I2C3_ER_IRQHandler
                0x08008798                EXTI0_IRQHandler
                0x08008798                I2C2_EV_IRQHandler
                0x08008798                DMA1_Stream2_IRQHandler
                0x08008798                FPU_IRQHandler
                0x08008798                DMA2_Stream2_IRQHandler
                0x08008798                SPI1_IRQHandler
                0x08008798                TIM1_BRK_TIM9_IRQHandler
                0x08008798                DMA2_Stream3_IRQHandler
                0x08008798                USART6_IRQHandler
                0x08008798                DMA2_Stream0_IRQHandler
                0x08008798                TIM4_IRQHandler
                0x08008798                I2C1_EV_IRQHandler
                0x08008798                DMA1_Stream6_IRQHandler
                0x08008798                DMA1_Stream1_IRQHandler
                0x08008798                TIM3_IRQHandler
                0x08008798                RCC_IRQHandler
                0x08008798                Default_Handler
                0x08008798                EXTI15_10_IRQHandler
                0x08008798                ADC_IRQHandler
                0x08008798                DMA1_Stream7_IRQHandler
                0x08008798                SPI5_IRQHandler
                0x08008798                TIM5_IRQHandler
                0x08008798                DMA2_Stream7_IRQHandler
                0x08008798                I2C3_EV_IRQHandler
                0x08008798                EXTI9_5_IRQHandler
                0x08008798                RTC_WKUP_IRQHandler
                0x08008798                SPI2_IRQHandler
                0x08008798                DMA1_Stream0_IRQHandler
                0x08008798                EXTI4_IRQHandler
                0x08008798                WWDG_IRQHandler
                0x08008798                TIM2_IRQHandler
                0x08008798                OTG_FS_WKUP_IRQHandler
                0x08008798                TIM1_TRG_COM_TIM11_IRQHandler
                0x08008798                EXTI1_IRQHandler
                0x08008798                USART2_IRQHandler
                0x08008798                I2C2_ER_IRQHandler
                0x08008798                DMA2_Stream1_IRQHandler
                0x08008798                FLASH_IRQHandler
                0x08008798                DMA2_Stream4_IRQHandler
                0x08008798                USART1_IRQHandler
                0x08008798                SPI3_IRQHandler
                0x08008798                DMA1_Stream4_IRQHandler
                0x08008798                I2C1_ER_IRQHandler
                0x08008798                DMA2_Stream6_IRQHandler
                0x08008798                DMA1_Stream3_IRQHandler
 *fill*         0x0800879a        0x2 
 .text.sprintf  0x0800879c       0x40 c:/arm-gcc/tools/arm-gnu-toolchain-11.3.rel1-mingw-w64-i686-arm-none-eabi/bin/../lib/gcc/arm-none-eabi/11.3.1/thumb/v7e-m+fp/hard\libc_nano.a(libc_a-sprintf.o)
                0x0800879c                siprintf
                0x0800879c                sprintf
 .text.memset   0x080087dc       0x10 c:/arm-gcc/tools/arm-gnu-toolchain-11.3.rel1-mingw-w64-i686-arm-none-eabi/bin/../lib/gcc/arm-none-eabi/11.3.1/thumb/v7e-m+fp/hard\libc_nano.a(libc_a-memset.o)
                0x080087dc                memset
 .text.__libc_init_array
                0x080087ec       0x48 c:/arm-gcc/tools/arm-gnu-toolchain-11.3.rel1-mingw-w64-i686-arm-none-eabi/bin/../lib/gcc/arm-none-eabi/11.3.1/thumb/v7e-m+fp/hard\libc_nano.a(libc_a-init.o)
                0x080087ec                __libc_init_array
 .text.__retarget_lock_acquire_recursive
                0x08008834        0x2 c:/arm-gcc/tools/arm-gnu-toolchain-11.3.rel1-mingw-w64-i686-arm-none-eabi/bin/../lib/gcc/arm-none-eabi/11.3.1/thumb/v7e-m+fp/hard\libc_nano.a(libc_a-lock.o)
                0x08008834                __retarget_lock_acquire_recursive
 .text.__retarget_lock_release_recursive
                0x08008836        0x2 c:/arm-gcc/tools/arm-gnu-toolchain-11.3.rel1-mingw-w64-i686-arm-none-eabi/bin/../lib/gcc/arm-none-eabi/11.3.1/thumb/v7e-m+fp/hard\libc_nano.a(libc_a-lock.o)
                0x08008836                __retarget_lock_release_recursive
 .text.memcpy   0x08008838       0x1c c:/arm-gcc/tools/arm-gnu-toolchain-11.3.rel1-mingw-w64-i686-arm-none-eabi/bin/../lib/gcc/arm-none-eabi/11.3.1/thumb/v7e-m+fp/hard\libc_nano.a(libc_a-memcpy-stub.o)
                0x08008838                memcpy
 .text._free_r  0x08008854       0x98 c:/arm-gcc/tools/arm-gnu-toolchain-11.3.rel1-mingw-w64-i686-arm-none-eabi/bin/../lib/gcc/arm-none-eabi/11.3.1/thumb/v7e-m+fp/hard\libc_nano.a(libc_a-freer.o)
                0x08008854                _free_r
 .text.sbrk_aligned
                0x080088ec       0x40 c:/arm-gcc/tools/arm-gnu-toolchain-11.3.rel1-mingw-w64-i686-arm-none-eabi/bin/../lib/gcc/arm-none-eabi/11.3.1/thumb/v7e-m+fp/hard\libc_nano.a(libc_a-mallocr.o)
 .text._malloc_r
                0x0800892c       0xec c:/arm-gcc/tools/arm-gnu-toolchain-11.3.rel1-mingw-w64-i686-arm-none-eabi/bin/../lib/gcc/arm-none-eabi/11.3.1/thumb/v7e-m+fp/hard\libc_nano.a(libc_a-mallocr.o)
                0x0800892c                _malloc_r
 .text.__malloc_lock
                0x08008a18        0xc c:/arm-gcc/tools/arm-gnu-toolchain-11.3.rel1-mingw-w64-i686-arm-none-eabi/bin/../lib/gcc/arm-none-eabi/11.3.1/thumb/v7e-m+fp/hard\libc_nano.a(libc_a-mlock.o)
                0x08008a18                __malloc_lock
 .text.__malloc_unlock
                0x08008a24        0xc c:/arm-gcc/tools/arm-gnu-toolchain-11.3.rel1-mingw-w64-i686-arm-none-eabi/bin/../lib/gcc/arm-none-eabi/11.3.1/thumb/v7e-m+fp/hard\libc_nano.a(libc_a-mlock.o)
                0x08008a24                __malloc_unlock
 .text.__ssputs_r
                0x08008a30       0xb4 c:/arm-gcc/tools/arm-gnu-toolchain-11.3.rel1-mingw-w64-i686-arm-none-eabi/bin/../lib/gcc/arm-none-eabi/11.3.1/thumb/v7e-m+fp/hard\libc_nano.a(libc_a-nano-svfprintf.o)
                0x08008a30                __ssputs_r
 .text._svfprintf_r
                0x08008ae4      0x1fc c:/arm-gcc/tools/arm-gnu-toolchain-11.3.rel1-mingw-w64-i686-arm-none-eabi/bin/../lib/gcc/arm-none-eabi/11.3.1/thumb/v7e-m+fp/hard\libc_nano.a(libc_a-nano-svfprintf.o)
                0x08008ae4                _svfiprintf_r
                0x08008ae4                _svfprintf_r
 .text._printf_common
                0x08008ce0       0xda c:/arm-gcc/tools/arm-gnu-toolchain-11.3.rel1-mingw-w64-i686-arm-none-eabi/bin/../lib/gcc/arm-none-eabi/11.3.1/thumb/v7e-m+fp/hard\libc_nano.a(libc_a-nano-vfprintf_i.o)
                0x08008ce0                _printf_common
 *fill*         0x08008dba        0x2 
 .text._printf_i
                0x08008dbc      0x244 c:/arm-gcc/tools/arm-gnu-toolchain-11.3.rel1-mingw-w64-i686-arm-none-eabi/bin/../lib/gcc/arm-none-eabi/11.3.1/thumb/v7e-m+fp/hard\libc_nano.a(libc_a-nano-vfprintf_i.o)
                0x08008dbc                _printf_i
 .text.memmove  0x08009000       0x34 c:/arm-gcc/tools/arm-gnu-toolchain-11.3.rel1-mingw-w64-i686-arm-none-eabi/bin/../lib/gcc/arm-none-eabi/11.3.1/thumb/v7e-m+fp/hard\libc_nano.a(libc_a-memmove.o)
                0x08009000                memmove
 .text._sbrk_r  0x08009034       0x20 c:/arm-gcc/tools/arm-gnu-toolchain-11.3.rel1-mingw-w64-i686-arm-none-eabi/bin/../lib/gcc/arm-none-eabi/11.3.1/thumb/v7e-m+fp/hard\libc_nano.a(libc_a-sbrkr.o)
                0x08009034                _sbrk_r
 .text._realloc_r
                0x08009054       0x5e c:/arm-gcc/tools/arm-gnu-toolchain-11.3.rel1-mingw-w64-i686-arm-none-eabi/bin/../lib/gcc/arm-none-eabi/11.3.1/thumb/v7e-m+fp/hard\libc_nano.a(libc_a-reallocr.o)
                0x08009054                _realloc_r
 .text._malloc_usable_size_r
                0x080090b2       0x10 c:/arm-gcc/tools/arm-gnu-toolchain-11.3.rel1-mingw-w64-i686-arm-none-eabi/bin/../lib/gcc/arm-none-eabi/11.3.1/thumb/v7e-m+fp/hard\libc_nano.a(libc_a-msizer.o)
                0x080090b2                _malloc_usable_size_r
 *fill*         0x080090c2        0x2 
 .text._sbrk    0x080090c4       0x1c c:/arm-gcc/tools/arm-gnu-toolchain-11.3.rel1-mingw-w64-i686-arm-none-eabi/bin/../lib/gcc/arm-none-eabi/11.3.1/thumb/v7e-m+fp/hard\libnosys.a(sbrk.o)
                0x080090c4                _sbrk
 .text.__udivmoddi4
                0x080090e0      0x2c8 c:/arm-gcc/tools/arm-gnu-toolchain-11.3.rel1-mingw-w64-i686-arm-none-eabi/bin/../lib/gcc/arm-none-eabi/11.3.1/thumb/v7e-m+fp/hard\libgcc.a(_udivmoddi4.o)
                0x080090e0                __udivmoddi4
 *(.glue_7)
 .glue_7        0x080093a8        0x0 linker stubs
 *(.glue_7t)
 .glue_7t       0x080093a8        0x0 linker stubs
 *(.eh_frame)
 .eh_frame      0x080093a8        0x0 c:/arm-gcc/tools/arm-gnu-toolchain-11.3.rel1-mingw-w64-i686-arm-none-eabi/bin/../lib/gcc/arm-none-eabi/11.3.1/thumb/v7e-m+fp/hard/crtbegin.o
 *(.init)
 .init          0x080093a8        0x4 c:/arm-gcc/tools/arm-gnu-toolchain-11.3.rel1-mingw-w64-i686-arm-none-eabi/bin/../lib/gcc/arm-none-eabi/11.3.1/thumb/v7e-m+fp/hard/crti.o
                0x080093a8                _init
 .init          0x080093ac        0x8 c:/arm-gcc/tools/arm-gnu-toolchain-11.3.rel1-mingw-w64-i686-arm-none-eabi/bin/../lib/gcc/arm-none-eabi/11.3.1/thumb/v7e-m+fp/hard/crtn.o
 *(.fini)
 .fini          0x080093b4        0x4 c:/arm-gcc/tools/arm-gnu-toolchain-11.3.rel1-mingw-w64-i686-arm-none-eabi/bin/../lib/gcc/arm-none-eabi/11.3.1/thumb/v7e-m+fp/hard/crti.o
                0x080093b4                _fini
 .fini          0x080093b8        0x8 c:/arm-gcc/tools/arm-gnu-toolchain-11.3.rel1-mingw-w64-i686-arm-none-eabi/bin/../lib/gcc/arm-none-eabi/11.3.1/thumb/v7e-m+fp/hard/crtn.o
                0x080093c0                . = ALIGN (0x4)
                0x080093c0                _etext = .

.vfp11_veneer   0x080093c0        0x0
 .vfp11_veneer  0x080093c0        0x0 linker stubs

.v4_bx          0x080093c0        0x0
 .v4_bx         0x080093c0        0x0 linker stubs

.iplt           0x080093c0        0x0
 .iplt          0x080093c0        0x0 c:/arm-gcc/tools/arm-gnu-toolchain-11.3.rel1-mingw-w64-i686-arm-none-eabi/bin/../lib/gcc/arm-none-eabi/11.3.1/thumb/v7e-m+fp/hard/crtbegin.o

.rodata         0x080093c0      0x170
                0x080093c0                . = ALIGN (0x4)
 *(.rodata)
 .rodata        0x080093c0       0xe2 build/main.o
 *fill*         0x080094a2        0x2 
 .rodata        0x080094a4       0x46 build/usbd_desc.o
 *(.rodata*)
 *fill*         0x080094ea        0x2 
 .rodata.AHBPrescTable
                0x080094ec       0x10 build/system_stm32f4xx.o
                0x080094ec                AHBPrescTable
 .rodata._svfprintf_r.str1.1
                0x080094fc       0x11 c:/arm-gcc/tools/arm-gnu-toolchain-11.3.rel1-mingw-w64-i686-arm-none-eabi/bin/../lib/gcc/arm-none-eabi/11.3.1/thumb/v7e-m+fp/hard\libc_nano.a(libc_a-nano-svfprintf.o)
 .rodata._printf_i.str1.1
                0x0800950d       0x22 c:/arm-gcc/tools/arm-gnu-toolchain-11.3.rel1-mingw-w64-i686-arm-none-eabi/bin/../lib/gcc/arm-none-eabi/11.3.1/thumb/v7e-m+fp/hard\libc_nano.a(libc_a-nano-vfprintf_i.o)
                0x08009530                . = ALIGN (0x4)
 *fill*         0x0800952f        0x1 

.ARM.extab
 *(.ARM.extab* .gnu.linkonce.armextab.*)

.ARM            0x08009530        0x8
                0x08009530                __exidx_start = .
 *(.ARM.exidx*)
 .ARM.exidx.text.__udivmoddi4
                0x08009530        0x8 c:/arm-gcc/tools/arm-gnu-toolchain-11.3.rel1-mingw-w64-i686-arm-none-eabi/bin/../lib/gcc/arm-none-eabi/11.3.1/thumb/v7e-m+fp/hard\libgcc.a(_udivmoddi4.o)
                0x08009538                __exidx_end = .

.rel.dyn        0x08009538        0x0
 .rel.iplt      0x08009538        0x0 c:/arm-gcc/tools/arm-gnu-toolchain-11.3.rel1-mingw-w64-i686-arm-none-eabi/bin/../lib/gcc/arm-none-eabi/11.3.1/thumb/v7e-m+fp/hard/crtbegin.o

.preinit_array  0x08009538        0x0
                0x08009538                PROVIDE (__preinit_array_start = .)
 *(.preinit_array*)
                0x08009538                PROVIDE (__preinit_array_end = .)

.init_array     0x08009538        0x4
                0x08009538                PROVIDE (__init_array_start = .)
 *(SORT_BY_NAME(.init_array.*))
 *(.init_array*)
 .init_array    0x08009538        0x4 c:/arm-gcc/tools/arm-gnu-toolchain-11.3.rel1-mingw-w64-i686-arm-none-eabi/bin/../lib/gcc/arm-none-eabi/11.3.1/thumb/v7e-m+fp/hard/crtbegin.o
                0x0800953c                PROVIDE (__init_array_end = .)

.fini_array     0x0800953c        0x4
                [!provide]                PROVIDE (__fini_array_start = .)
 *(SORT_BY_NAME(.fini_array.*))
 *(.fini_array*)
 .fini_array    0x0800953c        0x4 c:/arm-gcc/tools/arm-gnu-toolchain-11.3.rel1-mingw-w64-i686-arm-none-eabi/bin/../lib/gcc/arm-none-eabi/11.3.1/thumb/v7e-m+fp/hard/crtbegin.o
                [!provide]                PROVIDE (__fini_array_end = .)
                0x08009540                _sidata = LOADADDR (.data)

.data           0x20000000      0x158 load address 0x08009540
                0x20000000                . = ALIGN (0x4)
                0x20000000                _sdata = .
 *(.data)
 *(.data*)
 .data.porcentagem
                0x20000000        0x4 build/main.o
                0x20000000                porcentagem
 .data.minread  0x20000004        0x1 build/main.o
                0x20000004                minread
 *fill*         0x20000005        0x3 
 .data.dutyCycle
                0x20000008        0x4 build/main.o
                0x20000008                dutyCycle
 .data.uwTickPrio
                0x2000000c        0x4 build/stm32f4xx_hal.o
                0x2000000c                uwTickPrio
 .data.uwTickFreq
                0x20000010        0x1 build/stm32f4xx_hal.o
                0x20000010                uwTickFreq
 *fill*         0x20000011        0x3 
 .data.SystemCoreClock
                0x20000014        0x4 build/system_stm32f4xx.o
                0x20000014                SystemCoreClock
 .data.FS_Desc  0x20000018       0x1c build/usbd_desc.o
                0x20000018                FS_Desc
 .data.USBD_FS_DeviceDesc
                0x20000034       0x12 build/usbd_desc.o
                0x20000034                USBD_FS_DeviceDesc
 *fill*         0x20000046        0x2 
 .data.USBD_LangIDDesc
                0x20000048        0x4 build/usbd_desc.o
                0x20000048                USBD_LangIDDesc
 .data.USBD_StringSerial
                0x2000004c       0x1a build/usbd_desc.o
                0x2000004c                USBD_StringSerial
 *fill*         0x20000066        0x2 
 .data.USBD_Interface_fops_FS
                0x20000068       0x14 build/usbd_cdc_if.o
                0x20000068                USBD_Interface_fops_FS
 .data.USBD_CDC_DeviceQualifierDesc
                0x2000007c        0xa build/usbd_cdc.o
 *fill*         0x20000086        0x2 
 .data.USBD_CDC
                0x20000088       0x38 build/usbd_cdc.o
                0x20000088                USBD_CDC
 .data.USBD_CDC_CfgDesc
                0x200000c0       0x43 build/usbd_cdc.o
 .data.CDCInEpAdd
                0x20000103        0x1 build/usbd_cdc.o
 .data.CDCOutEpAdd
                0x20000104        0x1 build/usbd_cdc.o
 .data.CDCCmdEpAdd
                0x20000105        0x1 build/usbd_cdc.o
 *fill*         0x20000106        0x2 
 .data._impure_data
                0x20000108       0x4c c:/arm-gcc/tools/arm-gnu-toolchain-11.3.rel1-mingw-w64-i686-arm-none-eabi/bin/../lib/gcc/arm-none-eabi/11.3.1/thumb/v7e-m+fp/hard\libc_nano.a(libc_a-impure.o)
                0x20000108                _impure_data
 .data._impure_ptr
                0x20000154        0x4 c:/arm-gcc/tools/arm-gnu-toolchain-11.3.rel1-mingw-w64-i686-arm-none-eabi/bin/../lib/gcc/arm-none-eabi/11.3.1/thumb/v7e-m+fp/hard\libc_nano.a(libc_a-impure.o)
                0x20000154                _impure_ptr
                0x20000158                . = ALIGN (0x4)
                0x20000158                _edata = .

.tm_clone_table
                0x20000158        0x0 load address 0x08009698
 .tm_clone_table
                0x20000158        0x0 c:/arm-gcc/tools/arm-gnu-toolchain-11.3.rel1-mingw-w64-i686-arm-none-eabi/bin/../lib/gcc/arm-none-eabi/11.3.1/thumb/v7e-m+fp/hard/crtbegin.o
 .tm_clone_table
                0x20000158        0x0 c:/arm-gcc/tools/arm-gnu-toolchain-11.3.rel1-mingw-w64-i686-arm-none-eabi/bin/../lib/gcc/arm-none-eabi/11.3.1/thumb/v7e-m+fp/hard/crtend.o

.igot.plt       0x20000158        0x0 load address 0x08009698
 .igot.plt      0x20000158        0x0 c:/arm-gcc/tools/arm-gnu-toolchain-11.3.rel1-mingw-w64-i686-arm-none-eabi/bin/../lib/gcc/arm-none-eabi/11.3.1/thumb/v7e-m+fp/hard/crtbegin.o
                0x20000158                . = ALIGN (0x4)

.bss            0x20000158     0x2008 load address 0x08009698
                0x20000158                _sbss = .
                0x20000158                __bss_start__ = _sbss
 *(.bss)
 *(.bss*)
 .bss.completed.1
                0x20000158        0x1 c:/arm-gcc/tools/arm-gnu-toolchain-11.3.rel1-mingw-w64-i686-arm-none-eabi/bin/../lib/gcc/arm-none-eabi/11.3.1/thumb/v7e-m+fp/hard/crtbegin.o
 *fill*         0x20000159        0x3 
 .bss.object.0  0x2000015c       0x18 c:/arm-gcc/tools/arm-gnu-toolchain-11.3.rel1-mingw-w64-i686-arm-none-eabi/bin/../lib/gcc/arm-none-eabi/11.3.1/thumb/v7e-m+fp/hard/crtbegin.o
 .bss.buffer    0x20000174       0xff build/main.o
                0x20000174                buffer
 *fill*         0x20000273        0x1 
 .bss.gUSB      0x20000274       0xff build/main.o
                0x20000274                gUSB
 *fill*         0x20000373        0x1 
 .bss.hadc1     0x20000374       0x48 build/main.o
                0x20000374                hadc1
 .bss.htim2     0x200003bc       0x48 build/main.o
                0x200003bc                htim2
 .bss.uwTick    0x20000404        0x4 build/stm32f4xx_hal.o
                0x20000404                uwTick
 .bss.hUsbDeviceFS
                0x20000408      0x2dc build/usb_device.o
                0x20000408                hUsbDeviceFS
 .bss.USBD_StrDesc
                0x200006e4      0x200 build/usbd_desc.o
                0x200006e4                USBD_StrDesc
 .bss.UserRxBufferFS
                0x200008e4      0x800 build/usbd_cdc_if.o
                0x200008e4                UserRxBufferFS
 .bss.UserTxBufferFS
                0x200010e4      0x800 build/usbd_cdc_if.o
                0x200010e4                UserTxBufferFS
 .bss.hpcd_USB_OTG_FS
                0x200018e4      0x50c build/usbd_conf.o
                0x200018e4                hpcd_USB_OTG_FS
 .bss.mem.0     0x20001df0      0x220 build/usbd_conf.o
 .bss.cfgidx.0  0x20002010        0x1 build/usbd_ctlreq.o
 *fill*         0x20002011        0x3 
 .bss.__sf      0x20002014      0x138 c:/arm-gcc/tools/arm-gnu-toolchain-11.3.rel1-mingw-w64-i686-arm-none-eabi/bin/../lib/gcc/arm-none-eabi/11.3.1/thumb/v7e-m+fp/hard\libc_nano.a(libc_a-findfp.o)
                0x20002014                __sf
 .bss.errno     0x2000214c        0x4 c:/arm-gcc/tools/arm-gnu-toolchain-11.3.rel1-mingw-w64-i686-arm-none-eabi/bin/../lib/gcc/arm-none-eabi/11.3.1/thumb/v7e-m+fp/hard\libc_nano.a(libc_a-reent.o)
                0x2000214c                errno
 .bss.__lock___malloc_recursive_mutex
                0x20002150        0x1 c:/arm-gcc/tools/arm-gnu-toolchain-11.3.rel1-mingw-w64-i686-arm-none-eabi/bin/../lib/gcc/arm-none-eabi/11.3.1/thumb/v7e-m+fp/hard\libc_nano.a(libc_a-lock.o)
                0x20002150                __lock___malloc_recursive_mutex
 *fill*         0x20002151        0x3 
 .bss.__malloc_free_list
                0x20002154        0x4 c:/arm-gcc/tools/arm-gnu-toolchain-11.3.rel1-mingw-w64-i686-arm-none-eabi/bin/../lib/gcc/arm-none-eabi/11.3.1/thumb/v7e-m+fp/hard\libc_nano.a(libc_a-mallocr.o)
                0x20002154                __malloc_free_list
 .bss.__malloc_sbrk_start
                0x20002158        0x4 c:/arm-gcc/tools/arm-gnu-toolchain-11.3.rel1-mingw-w64-i686-arm-none-eabi/bin/../lib/gcc/arm-none-eabi/11.3.1/thumb/v7e-m+fp/hard\libc_nano.a(libc_a-mallocr.o)
                0x20002158                __malloc_sbrk_start
 .bss.heap_end.0
                0x2000215c        0x4 c:/arm-gcc/tools/arm-gnu-toolchain-11.3.rel1-mingw-w64-i686-arm-none-eabi/bin/../lib/gcc/arm-none-eabi/11.3.1/thumb/v7e-m+fp/hard\libnosys.a(sbrk.o)
 *(COMMON)
                0x20002160                . = ALIGN (0x4)
                0x20002160                _ebss = .
                0x20002160                __bss_end__ = _ebss

._user_heap_stack
                0x20002160      0x600 load address 0x08009698
                0x20002160                . = ALIGN (0x8)
                0x20002160                PROVIDE (end = .)
                [!provide]                PROVIDE (_end = .)
                0x20002360                . = (. + _Min_Heap_Size)
 *fill*         0x20002160      0x200 
                0x20002760                . = (. + _Min_Stack_Size)
 *fill*         0x20002360      0x400 
                0x20002760                . = ALIGN (0x8)

/DISCARD/
 libc.a(*)
 libm.a(*)
 libgcc.a(*)

.ARM.attributes
                0x00000000       0x30
 *(.ARM.attributes)
 .ARM.attributes
                0x00000000       0x1e c:/arm-gcc/tools/arm-gnu-toolchain-11.3.rel1-mingw-w64-i686-arm-none-eabi/bin/../lib/gcc/arm-none-eabi/11.3.1/thumb/v7e-m+fp/hard/crti.o
 .ARM.attributes
                0x0000001e       0x34 c:/arm-gcc/tools/arm-gnu-toolchain-11.3.rel1-mingw-w64-i686-arm-none-eabi/bin/../lib/gcc/arm-none-eabi/11.3.1/thumb/v7e-m+fp/hard/crtbegin.o
 .ARM.attributes
                0x00000052       0x34 build/main.o
 .ARM.attributes
                0x00000086       0x34 build/stm32f4xx_it.o
 .ARM.attributes
                0x000000ba       0x34 build/stm32f4xx_hal_msp.o
 .ARM.attributes
                0x000000ee       0x34 build/stm32f4xx_hal_tim.o
 .ARM.attributes
                0x00000122       0x34 build/stm32f4xx_hal_tim_ex.o
 .ARM.attributes
                0x00000156       0x34 build/stm32f4xx_hal_rcc.o
 .ARM.attributes
                0x0000018a       0x34 build/stm32f4xx_hal_gpio.o
 .ARM.attributes
                0x000001be       0x34 build/stm32f4xx_hal_cortex.o
 .ARM.attributes
                0x000001f2       0x34 build/stm32f4xx_hal.o
 .ARM.attributes
                0x00000226       0x34 build/system_stm32f4xx.o
 .ARM.attributes
                0x0000025a       0x34 build/stm32f4xx_hal_pcd.o
 .ARM.attributes
                0x0000028e       0x34 build/stm32f4xx_hal_pcd_ex.o
 .ARM.attributes
                0x000002c2       0x34 build/stm32f4xx_ll_usb.o
 .ARM.attributes
                0x000002f6       0x34 build/stm32f4xx_hal_adc.o
 .ARM.attributes
                0x0000032a       0x34 build/usb_device.o
 .ARM.attributes
                0x0000035e       0x34 build/usbd_desc.o
 .ARM.attributes
                0x00000392       0x34 build/usbd_cdc_if.o
 .ARM.attributes
                0x000003c6       0x34 build/usbd_conf.o
 .ARM.attributes
                0x000003fa       0x34 build/usbd_core.o
 .ARM.attributes
                0x0000042e       0x34 build/usbd_ctlreq.o
 .ARM.attributes
                0x00000462       0x34 build/usbd_ioreq.o
 .ARM.attributes
                0x00000496       0x34 build/usbd_cdc.o
 .ARM.attributes
                0x000004ca       0x21 build/startup_stm32f411xe.o
 .ARM.attributes
                0x000004eb       0x34 c:/arm-gcc/tools/arm-gnu-toolchain-11.3.rel1-mingw-w64-i686-arm-none-eabi/bin/../lib/gcc/arm-none-eabi/11.3.1/thumb/v7e-m+fp/hard\libc_nano.a(libc_a-findfp.o)
 .ARM.attributes
                0x0000051f       0x34 c:/arm-gcc/tools/arm-gnu-toolchain-11.3.rel1-mingw-w64-i686-arm-none-eabi/bin/../lib/gcc/arm-none-eabi/11.3.1/thumb/v7e-m+fp/hard\libc_nano.a(libc_a-sprintf.o)
 .ARM.attributes
                0x00000553       0x34 c:/arm-gcc/tools/arm-gnu-toolchain-11.3.rel1-mingw-w64-i686-arm-none-eabi/bin/../lib/gcc/arm-none-eabi/11.3.1/thumb/v7e-m+fp/hard\libc_nano.a(libc_a-memset.o)
 .ARM.attributes
                0x00000587       0x34 c:/arm-gcc/tools/arm-gnu-toolchain-11.3.rel1-mingw-w64-i686-arm-none-eabi/bin/../lib/gcc/arm-none-eabi/11.3.1/thumb/v7e-m+fp/hard\libc_nano.a(libc_a-reent.o)
 .ARM.attributes
                0x000005bb       0x34 c:/arm-gcc/tools/arm-gnu-toolchain-11.3.rel1-mingw-w64-i686-arm-none-eabi/bin/../lib/gcc/arm-none-eabi/11.3.1/thumb/v7e-m+fp/hard\libc_nano.a(libc_a-impure.o)
 .ARM.attributes
                0x000005ef       0x34 c:/arm-gcc/tools/arm-gnu-toolchain-11.3.rel1-mingw-w64-i686-arm-none-eabi/bin/../lib/gcc/arm-none-eabi/11.3.1/thumb/v7e-m+fp/hard\libc_nano.a(libc_a-init.o)
 .ARM.attributes
                0x00000623       0x34 c:/arm-gcc/tools/arm-gnu-toolchain-11.3.rel1-mingw-w64-i686-arm-none-eabi/bin/../lib/gcc/arm-none-eabi/11.3.1/thumb/v7e-m+fp/hard\libc_nano.a(libc_a-lock.o)
 .ARM.attributes
                0x00000657       0x34 c:/arm-gcc/tools/arm-gnu-toolchain-11.3.rel1-mingw-w64-i686-arm-none-eabi/bin/../lib/gcc/arm-none-eabi/11.3.1/thumb/v7e-m+fp/hard\libc_nano.a(libc_a-memcpy-stub.o)
 .ARM.attributes
                0x0000068b       0x17 c:/arm-gcc/tools/arm-gnu-toolchain-11.3.rel1-mingw-w64-i686-arm-none-eabi/bin/../lib/gcc/arm-none-eabi/11.3.1/thumb/v7e-m+fp/hard\libc_nano.a(libc_a-strlen.o)
 .ARM.attributes
                0x000006a2       0x34 c:/arm-gcc/tools/arm-gnu-toolchain-11.3.rel1-mingw-w64-i686-arm-none-eabi/bin/../lib/gcc/arm-none-eabi/11.3.1/thumb/v7e-m+fp/hard\libc_nano.a(libc_a-freer.o)
 .ARM.attributes
                0x000006d6       0x34 c:/arm-gcc/tools/arm-gnu-toolchain-11.3.rel1-mingw-w64-i686-arm-none-eabi/bin/../lib/gcc/arm-none-eabi/11.3.1/thumb/v7e-m+fp/hard\libc_nano.a(libc_a-mallocr.o)
 .ARM.attributes
                0x0000070a       0x34 c:/arm-gcc/tools/arm-gnu-toolchain-11.3.rel1-mingw-w64-i686-arm-none-eabi/bin/../lib/gcc/arm-none-eabi/11.3.1/thumb/v7e-m+fp/hard\libc_nano.a(libc_a-mlock.o)
 .ARM.attributes
                0x0000073e       0x34 c:/arm-gcc/tools/arm-gnu-toolchain-11.3.rel1-mingw-w64-i686-arm-none-eabi/bin/../lib/gcc/arm-none-eabi/11.3.1/thumb/v7e-m+fp/hard\libc_nano.a(libc_a-nano-svfprintf.o)
 .ARM.attributes
                0x00000772       0x34 c:/arm-gcc/tools/arm-gnu-toolchain-11.3.rel1-mingw-w64-i686-arm-none-eabi/bin/../lib/gcc/arm-none-eabi/11.3.1/thumb/v7e-m+fp/hard\libc_nano.a(libc_a-nano-vfprintf_i.o)
 .ARM.attributes
                0x000007a6       0x34 c:/arm-gcc/tools/arm-gnu-toolchain-11.3.rel1-mingw-w64-i686-arm-none-eabi/bin/../lib/gcc/arm-none-eabi/11.3.1/thumb/v7e-m+fp/hard\libc_nano.a(libc_a-memmove.o)
 .ARM.attributes
                0x000007da       0x34 c:/arm-gcc/tools/arm-gnu-toolchain-11.3.rel1-mingw-w64-i686-arm-none-eabi/bin/../lib/gcc/arm-none-eabi/11.3.1/thumb/v7e-m+fp/hard\libc_nano.a(libc_a-sbrkr.o)
 .ARM.attributes
                0x0000080e       0x1c c:/arm-gcc/tools/arm-gnu-toolchain-11.3.rel1-mingw-w64-i686-arm-none-eabi/bin/../lib/gcc/arm-none-eabi/11.3.1/thumb/v7e-m+fp/hard\libc_nano.a(libc_a-memchr.o)
 .ARM.attributes
                0x0000082a       0x34 c:/arm-gcc/tools/arm-gnu-toolchain-11.3.rel1-mingw-w64-i686-arm-none-eabi/bin/../lib/gcc/arm-none-eabi/11.3.1/thumb/v7e-m+fp/hard\libc_nano.a(libc_a-reallocr.o)
 .ARM.attributes
                0x0000085e       0x34 c:/arm-gcc/tools/arm-gnu-toolchain-11.3.rel1-mingw-w64-i686-arm-none-eabi/bin/../lib/gcc/arm-none-eabi/11.3.1/thumb/v7e-m+fp/hard\libc_nano.a(libc_a-msizer.o)
 .ARM.attributes
                0x00000892       0x34 c:/arm-gcc/tools/arm-gnu-toolchain-11.3.rel1-mingw-w64-i686-arm-none-eabi/bin/../lib/gcc/arm-none-eabi/11.3.1/thumb/v7e-m+fp/hard\libnosys.a(sbrk.o)
 .ARM.attributes
                0x000008c6       0x1e c:/arm-gcc/tools/arm-gnu-toolchain-11.3.rel1-mingw-w64-i686-arm-none-eabi/bin/../lib/gcc/arm-none-eabi/11.3.1/thumb/v7e-m+fp/hard\libgcc.a(_arm_muldf3.o)
 .ARM.attributes
                0x000008e4       0x1e c:/arm-gcc/tools/arm-gnu-toolchain-11.3.rel1-mingw-w64-i686-arm-none-eabi/bin/../lib/gcc/arm-none-eabi/11.3.1/thumb/v7e-m+fp/hard\libgcc.a(_arm_addsubdf3.o)
 .ARM.attributes
                0x00000902       0x1e c:/arm-gcc/tools/arm-gnu-toolchain-11.3.rel1-mingw-w64-i686-arm-none-eabi/bin/../lib/gcc/arm-none-eabi/11.3.1/thumb/v7e-m+fp/hard\libgcc.a(_arm_truncdfsf2.o)
 .ARM.attributes
                0x00000920       0x1e c:/arm-gcc/tools/arm-gnu-toolchain-11.3.rel1-mingw-w64-i686-arm-none-eabi/bin/../lib/gcc/arm-none-eabi/11.3.1/thumb/v7e-m+fp/hard\libgcc.a(_aeabi_uldivmod.o)
 .ARM.attributes
                0x0000093e       0x34 c:/arm-gcc/tools/arm-gnu-toolchain-11.3.rel1-mingw-w64-i686-arm-none-eabi/bin/../lib/gcc/arm-none-eabi/11.3.1/thumb/v7e-m+fp/hard\libgcc.a(_udivmoddi4.o)
 .ARM.attributes
                0x00000972       0x1e c:/arm-gcc/tools/arm-gnu-toolchain-11.3.rel1-mingw-w64-i686-arm-none-eabi/bin/../lib/gcc/arm-none-eabi/11.3.1/thumb/v7e-m+fp/hard\libgcc.a(_dvmd_tls.o)
 .ARM.attributes
                0x00000990       0x34 c:/arm-gcc/tools/arm-gnu-toolchain-11.3.rel1-mingw-w64-i686-arm-none-eabi/bin/../lib/gcc/arm-none-eabi/11.3.1/thumb/v7e-m+fp/hard/crtend.o
 .ARM.attributes
                0x000009c4       0x1e c:/arm-gcc/tools/arm-gnu-toolchain-11.3.rel1-mingw-w64-i686-arm-none-eabi/bin/../lib/gcc/arm-none-eabi/11.3.1/thumb/v7e-m+fp/hard/crtn.o
OUTPUT(build/helloblackpillSTM32F411CEUx.elf elf32-littlearm)
LOAD linker stubs
LOAD c:/arm-gcc/tools/arm-gnu-toolchain-11.3.rel1-mingw-w64-i686-arm-none-eabi/bin/../lib/gcc/arm-none-eabi/11.3.1/thumb/v7e-m+fp/hard\libc.a
LOAD c:/arm-gcc/tools/arm-gnu-toolchain-11.3.rel1-mingw-w64-i686-arm-none-eabi/bin/../lib/gcc/arm-none-eabi/11.3.1/thumb/v7e-m+fp/hard\libm.a
LOAD c:/arm-gcc/tools/arm-gnu-toolchain-11.3.rel1-mingw-w64-i686-arm-none-eabi/bin/../lib/gcc/arm-none-eabi/11.3.1/thumb/v7e-m+fp/hard\libgcc.a

.comment        0x00000000       0x33
 .comment       0x00000000       0x33 c:/arm-gcc/tools/arm-gnu-toolchain-11.3.rel1-mingw-w64-i686-arm-none-eabi/bin/../lib/gcc/arm-none-eabi/11.3.1/thumb/v7e-m+fp/hard/crtbegin.o
                                 0x34 (size before relaxing)
 .comment       0x00000033       0x34 build/main.o
 .comment       0x00000033       0x34 build/stm32f4xx_it.o
 .comment       0x00000033       0x34 build/stm32f4xx_hal_msp.o
 .comment       0x00000033       0x34 build/stm32f4xx_hal_tim.o
 .comment       0x00000033       0x34 build/stm32f4xx_hal_tim_ex.o
 .comment       0x00000033       0x34 build/stm32f4xx_hal_rcc.o
 .comment       0x00000033       0x34 build/stm32f4xx_hal_gpio.o
 .comment       0x00000033       0x34 build/stm32f4xx_hal_cortex.o
 .comment       0x00000033       0x34 build/stm32f4xx_hal.o
 .comment       0x00000033       0x34 build/system_stm32f4xx.o
 .comment       0x00000033       0x34 build/stm32f4xx_hal_pcd.o
 .comment       0x00000033       0x34 build/stm32f4xx_hal_pcd_ex.o
 .comment       0x00000033       0x34 build/stm32f4xx_ll_usb.o
 .comment       0x00000033       0x34 build/stm32f4xx_hal_adc.o
 .comment       0x00000033       0x34 build/usb_device.o
 .comment       0x00000033       0x34 build/usbd_desc.o
 .comment       0x00000033       0x34 build/usbd_cdc_if.o
 .comment       0x00000033       0x34 build/usbd_conf.o
 .comment       0x00000033       0x34 build/usbd_core.o
 .comment       0x00000033       0x34 build/usbd_ctlreq.o
 .comment       0x00000033       0x34 build/usbd_ioreq.o
 .comment       0x00000033       0x34 build/usbd_cdc.o
 .comment       0x00000033       0x34 c:/arm-gcc/tools/arm-gnu-toolchain-11.3.rel1-mingw-w64-i686-arm-none-eabi/bin/../lib/gcc/arm-none-eabi/11.3.1/thumb/v7e-m+fp/hard\libc_nano.a(libc_a-findfp.o)
 .comment       0x00000033       0x34 c:/arm-gcc/tools/arm-gnu-toolchain-11.3.rel1-mingw-w64-i686-arm-none-eabi/bin/../lib/gcc/arm-none-eabi/11.3.1/thumb/v7e-m+fp/hard\libc_nano.a(libc_a-sprintf.o)
 .comment       0x00000033       0x34 c:/arm-gcc/tools/arm-gnu-toolchain-11.3.rel1-mingw-w64-i686-arm-none-eabi/bin/../lib/gcc/arm-none-eabi/11.3.1/thumb/v7e-m+fp/hard\libc_nano.a(libc_a-memset.o)
 .comment       0x00000033       0x34 c:/arm-gcc/tools/arm-gnu-toolchain-11.3.rel1-mingw-w64-i686-arm-none-eabi/bin/../lib/gcc/arm-none-eabi/11.3.1/thumb/v7e-m+fp/hard\libc_nano.a(libc_a-reent.o)
 .comment       0x00000033       0x34 c:/arm-gcc/tools/arm-gnu-toolchain-11.3.rel1-mingw-w64-i686-arm-none-eabi/bin/../lib/gcc/arm-none-eabi/11.3.1/thumb/v7e-m+fp/hard\libc_nano.a(libc_a-impure.o)
 .comment       0x00000033       0x34 c:/arm-gcc/tools/arm-gnu-toolchain-11.3.rel1-mingw-w64-i686-arm-none-eabi/bin/../lib/gcc/arm-none-eabi/11.3.1/thumb/v7e-m+fp/hard\libc_nano.a(libc_a-init.o)
 .comment       0x00000033       0x34 c:/arm-gcc/tools/arm-gnu-toolchain-11.3.rel1-mingw-w64-i686-arm-none-eabi/bin/../lib/gcc/arm-none-eabi/11.3.1/thumb/v7e-m+fp/hard\libc_nano.a(libc_a-lock.o)
 .comment       0x00000033       0x34 c:/arm-gcc/tools/arm-gnu-toolchain-11.3.rel1-mingw-w64-i686-arm-none-eabi/bin/../lib/gcc/arm-none-eabi/11.3.1/thumb/v7e-m+fp/hard\libc_nano.a(libc_a-memcpy-stub.o)
 .comment       0x00000033       0x34 c:/arm-gcc/tools/arm-gnu-toolchain-11.3.rel1-mingw-w64-i686-arm-none-eabi/bin/../lib/gcc/arm-none-eabi/11.3.1/thumb/v7e-m+fp/hard\libc_nano.a(libc_a-freer.o)
 .comment       0x00000033       0x34 c:/arm-gcc/tools/arm-gnu-toolchain-11.3.rel1-mingw-w64-i686-arm-none-eabi/bin/../lib/gcc/arm-none-eabi/11.3.1/thumb/v7e-m+fp/hard\libc_nano.a(libc_a-mallocr.o)
 .comment       0x00000033       0x34 c:/arm-gcc/tools/arm-gnu-toolchain-11.3.rel1-mingw-w64-i686-arm-none-eabi/bin/../lib/gcc/arm-none-eabi/11.3.1/thumb/v7e-m+fp/hard\libc_nano.a(libc_a-mlock.o)
 .comment       0x00000033       0x34 c:/arm-gcc/tools/arm-gnu-toolchain-11.3.rel1-mingw-w64-i686-arm-none-eabi/bin/../lib/gcc/arm-none-eabi/11.3.1/thumb/v7e-m+fp/hard\libc_nano.a(libc_a-nano-svfprintf.o)
 .comment       0x00000033       0x34 c:/arm-gcc/tools/arm-gnu-toolchain-11.3.rel1-mingw-w64-i686-arm-none-eabi/bin/../lib/gcc/arm-none-eabi/11.3.1/thumb/v7e-m+fp/hard\libc_nano.a(libc_a-nano-vfprintf_i.o)
 .comment       0x00000033       0x34 c:/arm-gcc/tools/arm-gnu-toolchain-11.3.rel1-mingw-w64-i686-arm-none-eabi/bin/../lib/gcc/arm-none-eabi/11.3.1/thumb/v7e-m+fp/hard\libc_nano.a(libc_a-memmove.o)
 .comment       0x00000033       0x34 c:/arm-gcc/tools/arm-gnu-toolchain-11.3.rel1-mingw-w64-i686-arm-none-eabi/bin/../lib/gcc/arm-none-eabi/11.3.1/thumb/v7e-m+fp/hard\libc_nano.a(libc_a-sbrkr.o)
 .comment       0x00000033       0x34 c:/arm-gcc/tools/arm-gnu-toolchain-11.3.rel1-mingw-w64-i686-arm-none-eabi/bin/../lib/gcc/arm-none-eabi/11.3.1/thumb/v7e-m+fp/hard\libc_nano.a(libc_a-reallocr.o)
 .comment       0x00000033       0x34 c:/arm-gcc/tools/arm-gnu-toolchain-11.3.rel1-mingw-w64-i686-arm-none-eabi/bin/../lib/gcc/arm-none-eabi/11.3.1/thumb/v7e-m+fp/hard\libc_nano.a(libc_a-msizer.o)
 .comment       0x00000033       0x34 c:/arm-gcc/tools/arm-gnu-toolchain-11.3.rel1-mingw-w64-i686-arm-none-eabi/bin/../lib/gcc/arm-none-eabi/11.3.1/thumb/v7e-m+fp/hard\libnosys.a(sbrk.o)
 .comment       0x00000033       0x34 c:/arm-gcc/tools/arm-gnu-toolchain-11.3.rel1-mingw-w64-i686-arm-none-eabi/bin/../lib/gcc/arm-none-eabi/11.3.1/thumb/v7e-m+fp/hard\libgcc.a(_udivmoddi4.o)
 .comment       0x00000033       0x34 c:/arm-gcc/tools/arm-gnu-toolchain-11.3.rel1-mingw-w64-i686-arm-none-eabi/bin/../lib/gcc/arm-none-eabi/11.3.1/thumb/v7e-m+fp/hard/crtend.o

.debug_info     0x00000000    0x1e4d1
 .debug_info    0x00000000     0x158d build/main.o
 .debug_info    0x0000158d      0x702 build/stm32f4xx_it.o
 .debug_info    0x00001c8f      0xf0c build/stm32f4xx_hal_msp.o
 .debug_info    0x00002b9b     0x2eeb build/stm32f4xx_hal_tim.o
 .debug_info    0x00005a86     0x177e build/stm32f4xx_hal_tim_ex.o
 .debug_info    0x00007204      0xa7a build/stm32f4xx_hal_rcc.o
 .debug_info    0x00007c7e      0x82c build/stm32f4xx_hal_gpio.o
 .debug_info    0x000084aa      0xe9c build/stm32f4xx_hal_cortex.o
 .debug_info    0x00009346      0xa07 build/stm32f4xx_hal.o
 .debug_info    0x00009d4d      0x5ce build/system_stm32f4xx.o
 .debug_info    0x0000a31b     0x1879 build/stm32f4xx_hal_pcd.o
 .debug_info    0x0000bb94      0x7a3 build/stm32f4xx_hal_pcd_ex.o
 .debug_info    0x0000c337     0x1c77 build/stm32f4xx_ll_usb.o
 .debug_info    0x0000dfae      0xe9d build/stm32f4xx_hal_adc.o
 .debug_info    0x0000ee4b      0x80e build/usb_device.o
 .debug_info    0x0000f659      0x4db build/usbd_desc.o
 .debug_info    0x0000fb34      0xaac build/usbd_cdc_if.o
 .debug_info    0x000105e0     0x1f3b build/usbd_conf.o
 .debug_info    0x0001251b     0x1029 build/usbd_core.o
 .debug_info    0x00013544      0xc5a build/usbd_ctlreq.o
 .debug_info    0x0001419e      0x881 build/usbd_ioreq.o
 .debug_info    0x00014a1f     0x1493 build/usbd_cdc.o
 .debug_info    0x00015eb2       0x22 build/startup_stm32f411xe.o
 .debug_info    0x00015ed4      0xf8f c:/arm-gcc/tools/arm-gnu-toolchain-11.3.rel1-mingw-w64-i686-arm-none-eabi/bin/../lib/gcc/arm-none-eabi/11.3.1/thumb/v7e-m+fp/hard\libc_nano.a(libc_a-findfp.o)
 .debug_info    0x00016e63      0x87e c:/arm-gcc/tools/arm-gnu-toolchain-11.3.rel1-mingw-w64-i686-arm-none-eabi/bin/../lib/gcc/arm-none-eabi/11.3.1/thumb/v7e-m+fp/hard\libc_nano.a(libc_a-sprintf.o)
 .debug_info    0x000176e1       0xe0 c:/arm-gcc/tools/arm-gnu-toolchain-11.3.rel1-mingw-w64-i686-arm-none-eabi/bin/../lib/gcc/arm-none-eabi/11.3.1/thumb/v7e-m+fp/hard\libc_nano.a(libc_a-memset.o)
 .debug_info    0x000177c1      0x858 c:/arm-gcc/tools/arm-gnu-toolchain-11.3.rel1-mingw-w64-i686-arm-none-eabi/bin/../lib/gcc/arm-none-eabi/11.3.1/thumb/v7e-m+fp/hard\libc_nano.a(libc_a-reent.o)
 .debug_info    0x00018019      0x714 c:/arm-gcc/tools/arm-gnu-toolchain-11.3.rel1-mingw-w64-i686-arm-none-eabi/bin/../lib/gcc/arm-none-eabi/11.3.1/thumb/v7e-m+fp/hard\libc_nano.a(libc_a-impure.o)
 .debug_info    0x0001872d      0x10b c:/arm-gcc/tools/arm-gnu-toolchain-11.3.rel1-mingw-w64-i686-arm-none-eabi/bin/../lib/gcc/arm-none-eabi/11.3.1/thumb/v7e-m+fp/hard\libc_nano.a(libc_a-init.o)
 .debug_info    0x00018838      0x20a c:/arm-gcc/tools/arm-gnu-toolchain-11.3.rel1-mingw-w64-i686-arm-none-eabi/bin/../lib/gcc/arm-none-eabi/11.3.1/thumb/v7e-m+fp/hard\libc_nano.a(libc_a-lock.o)
 .debug_info    0x00018a42      0x121 c:/arm-gcc/tools/arm-gnu-toolchain-11.3.rel1-mingw-w64-i686-arm-none-eabi/bin/../lib/gcc/arm-none-eabi/11.3.1/thumb/v7e-m+fp/hard\libc_nano.a(libc_a-memcpy-stub.o)
 .debug_info    0x00018b63       0x24 c:/arm-gcc/tools/arm-gnu-toolchain-11.3.rel1-mingw-w64-i686-arm-none-eabi/bin/../lib/gcc/arm-none-eabi/11.3.1/thumb/v7e-m+fp/hard\libc_nano.a(libc_a-strlen.o)
 .debug_info    0x00018b87      0x845 c:/arm-gcc/tools/arm-gnu-toolchain-11.3.rel1-mingw-w64-i686-arm-none-eabi/bin/../lib/gcc/arm-none-eabi/11.3.1/thumb/v7e-m+fp/hard\libc_nano.a(libc_a-freer.o)
 .debug_info    0x000193cc      0x9bb c:/arm-gcc/tools/arm-gnu-toolchain-11.3.rel1-mingw-w64-i686-arm-none-eabi/bin/../lib/gcc/arm-none-eabi/11.3.1/thumb/v7e-m+fp/hard\libc_nano.a(libc_a-mallocr.o)
 .debug_info    0x00019d87      0x76a c:/arm-gcc/tools/arm-gnu-toolchain-11.3.rel1-mingw-w64-i686-arm-none-eabi/bin/../lib/gcc/arm-none-eabi/11.3.1/thumb/v7e-m+fp/hard\libc_nano.a(libc_a-mlock.o)
 .debug_info    0x0001a4f1     0x10c1 c:/arm-gcc/tools/arm-gnu-toolchain-11.3.rel1-mingw-w64-i686-arm-none-eabi/bin/../lib/gcc/arm-none-eabi/11.3.1/thumb/v7e-m+fp/hard\libc_nano.a(libc_a-nano-svfprintf.o)
 .debug_info    0x0001b5b2      0xddf c:/arm-gcc/tools/arm-gnu-toolchain-11.3.rel1-mingw-w64-i686-arm-none-eabi/bin/../lib/gcc/arm-none-eabi/11.3.1/thumb/v7e-m+fp/hard\libc_nano.a(libc_a-nano-vfprintf_i.o)
 .debug_info    0x0001c391      0x10f c:/arm-gcc/tools/arm-gnu-toolchain-11.3.rel1-mingw-w64-i686-arm-none-eabi/bin/../lib/gcc/arm-none-eabi/11.3.1/thumb/v7e-m+fp/hard\libc_nano.a(libc_a-memmove.o)
 .debug_info    0x0001c4a0      0x77b c:/arm-gcc/tools/arm-gnu-toolchain-11.3.rel1-mingw-w64-i686-arm-none-eabi/bin/../lib/gcc/arm-none-eabi/11.3.1/thumb/v7e-m+fp/hard\libc_nano.a(libc_a-sbrkr.o)
 .debug_info    0x0001cc1b       0x25 c:/arm-gcc/tools/arm-gnu-toolchain-11.3.rel1-mingw-w64-i686-arm-none-eabi/bin/../lib/gcc/arm-none-eabi/11.3.1/thumb/v7e-m+fp/hard\libc_nano.a(libc_a-memchr.o)
 .debug_info    0x0001cc40      0x8c6 c:/arm-gcc/tools/arm-gnu-toolchain-11.3.rel1-mingw-w64-i686-arm-none-eabi/bin/../lib/gcc/arm-none-eabi/11.3.1/thumb/v7e-m+fp/hard\libc_nano.a(libc_a-reallocr.o)
 .debug_info    0x0001d506      0x793 c:/arm-gcc/tools/arm-gnu-toolchain-11.3.rel1-mingw-w64-i686-arm-none-eabi/bin/../lib/gcc/arm-none-eabi/11.3.1/thumb/v7e-m+fp/hard\libc_nano.a(libc_a-msizer.o)
 .debug_info    0x0001dc99       0x9e c:/arm-gcc/tools/arm-gnu-toolchain-11.3.rel1-mingw-w64-i686-arm-none-eabi/bin/../lib/gcc/arm-none-eabi/11.3.1/thumb/v7e-m+fp/hard\libnosys.a(sbrk.o)
 .debug_info    0x0001dd37       0x25 c:/arm-gcc/tools/arm-gnu-toolchain-11.3.rel1-mingw-w64-i686-arm-none-eabi/bin/../lib/gcc/arm-none-eabi/11.3.1/thumb/v7e-m+fp/hard\libgcc.a(_arm_muldf3.o)
 .debug_info    0x0001dd5c       0x25 c:/arm-gcc/tools/arm-gnu-toolchain-11.3.rel1-mingw-w64-i686-arm-none-eabi/bin/../lib/gcc/arm-none-eabi/11.3.1/thumb/v7e-m+fp/hard\libgcc.a(_arm_addsubdf3.o)
 .debug_info    0x0001dd81       0x25 c:/arm-gcc/tools/arm-gnu-toolchain-11.3.rel1-mingw-w64-i686-arm-none-eabi/bin/../lib/gcc/arm-none-eabi/11.3.1/thumb/v7e-m+fp/hard\libgcc.a(_arm_truncdfsf2.o)
 .debug_info    0x0001dda6       0x24 c:/arm-gcc/tools/arm-gnu-toolchain-11.3.rel1-mingw-w64-i686-arm-none-eabi/bin/../lib/gcc/arm-none-eabi/11.3.1/thumb/v7e-m+fp/hard\libgcc.a(_aeabi_uldivmod.o)
 .debug_info    0x0001ddca      0x6e3 c:/arm-gcc/tools/arm-gnu-toolchain-11.3.rel1-mingw-w64-i686-arm-none-eabi/bin/../lib/gcc/arm-none-eabi/11.3.1/thumb/v7e-m+fp/hard\libgcc.a(_udivmoddi4.o)
 .debug_info    0x0001e4ad       0x24 c:/arm-gcc/tools/arm-gnu-toolchain-11.3.rel1-mingw-w64-i686-arm-none-eabi/bin/../lib/gcc/arm-none-eabi/11.3.1/thumb/v7e-m+fp/hard\libgcc.a(_dvmd_tls.o)

.debug_abbrev   0x00000000     0x514c
 .debug_abbrev  0x00000000      0x2ca build/main.o
 .debug_abbrev  0x000002ca      0x176 build/stm32f4xx_it.o
 .debug_abbrev  0x00000440      0x1c2 build/stm32f4xx_hal_msp.o
 .debug_abbrev  0x00000602      0x26d build/stm32f4xx_hal_tim.o
 .debug_abbrev  0x0000086f      0x275 build/stm32f4xx_hal_tim_ex.o
 .debug_abbrev  0x00000ae4      0x2a9 build/stm32f4xx_hal_rcc.o
 .debug_abbrev  0x00000d8d      0x1c3 build/stm32f4xx_hal_gpio.o
 .debug_abbrev  0x00000f50      0x2f3 build/stm32f4xx_hal_cortex.o
 .debug_abbrev  0x00001243      0x23d build/stm32f4xx_hal.o
 .debug_abbrev  0x00001480      0x115 build/system_stm32f4xx.o
 .debug_abbrev  0x00001595      0x298 build/stm32f4xx_hal_pcd.o
 .debug_abbrev  0x0000182d      0x1ab build/stm32f4xx_hal_pcd_ex.o
 .debug_abbrev  0x000019d8      0x284 build/stm32f4xx_ll_usb.o
 .debug_abbrev  0x00001c5c      0x203 build/stm32f4xx_hal_adc.o
 .debug_abbrev  0x00001e5f      0x178 build/usb_device.o
 .debug_abbrev  0x00001fd7      0x1d9 build/usbd_desc.o
 .debug_abbrev  0x000021b0      0x272 build/usbd_cdc_if.o
 .debug_abbrev  0x00002422      0x308 build/usbd_conf.o
 .debug_abbrev  0x0000272a      0x251 build/usbd_core.o
 .debug_abbrev  0x0000297b      0x24a build/usbd_ctlreq.o
 .debug_abbrev  0x00002bc5      0x178 build/usbd_ioreq.o
 .debug_abbrev  0x00002d3d      0x29b build/usbd_cdc.o
 .debug_abbrev  0x00002fd8       0x12 build/startup_stm32f411xe.o
 .debug_abbrev  0x00002fea      0x40c c:/arm-gcc/tools/arm-gnu-toolchain-11.3.rel1-mingw-w64-i686-arm-none-eabi/bin/../lib/gcc/arm-none-eabi/11.3.1/thumb/v7e-m+fp/hard\libc_nano.a(libc_a-findfp.o)
 .debug_abbrev  0x000033f6      0x21c c:/arm-gcc/tools/arm-gnu-toolchain-11.3.rel1-mingw-w64-i686-arm-none-eabi/bin/../lib/gcc/arm-none-eabi/11.3.1/thumb/v7e-m+fp/hard\libc_nano.a(libc_a-sprintf.o)
 .debug_abbrev  0x00003612       0x9e c:/arm-gcc/tools/arm-gnu-toolchain-11.3.rel1-mingw-w64-i686-arm-none-eabi/bin/../lib/gcc/arm-none-eabi/11.3.1/thumb/v7e-m+fp/hard\libc_nano.a(libc_a-memset.o)
 .debug_abbrev  0x000036b0      0x1f8 c:/arm-gcc/tools/arm-gnu-toolchain-11.3.rel1-mingw-w64-i686-arm-none-eabi/bin/../lib/gcc/arm-none-eabi/11.3.1/thumb/v7e-m+fp/hard\libc_nano.a(libc_a-reent.o)
 .debug_abbrev  0x000038a8      0x149 c:/arm-gcc/tools/arm-gnu-toolchain-11.3.rel1-mingw-w64-i686-arm-none-eabi/bin/../lib/gcc/arm-none-eabi/11.3.1/thumb/v7e-m+fp/hard\libc_nano.a(libc_a-impure.o)
 .debug_abbrev  0x000039f1       0xc9 c:/arm-gcc/tools/arm-gnu-toolchain-11.3.rel1-mingw-w64-i686-arm-none-eabi/bin/../lib/gcc/arm-none-eabi/11.3.1/thumb/v7e-m+fp/hard\libc_nano.a(libc_a-init.o)
 .debug_abbrev  0x00003aba      0x115 c:/arm-gcc/tools/arm-gnu-toolchain-11.3.rel1-mingw-w64-i686-arm-none-eabi/bin/../lib/gcc/arm-none-eabi/11.3.1/thumb/v7e-m+fp/hard\libc_nano.a(libc_a-lock.o)
 .debug_abbrev  0x00003bcf       0xc1 c:/arm-gcc/tools/arm-gnu-toolchain-11.3.rel1-mingw-w64-i686-arm-none-eabi/bin/../lib/gcc/arm-none-eabi/11.3.1/thumb/v7e-m+fp/hard\libc_nano.a(libc_a-memcpy-stub.o)
 .debug_abbrev  0x00003c90       0x14 c:/arm-gcc/tools/arm-gnu-toolchain-11.3.rel1-mingw-w64-i686-arm-none-eabi/bin/../lib/gcc/arm-none-eabi/11.3.1/thumb/v7e-m+fp/hard\libc_nano.a(libc_a-strlen.o)
 .debug_abbrev  0x00003ca4      0x23b c:/arm-gcc/tools/arm-gnu-toolchain-11.3.rel1-mingw-w64-i686-arm-none-eabi/bin/../lib/gcc/arm-none-eabi/11.3.1/thumb/v7e-m+fp/hard\libc_nano.a(libc_a-freer.o)
 .debug_abbrev  0x00003edf      0x24a c:/arm-gcc/tools/arm-gnu-toolchain-11.3.rel1-mingw-w64-i686-arm-none-eabi/bin/../lib/gcc/arm-none-eabi/11.3.1/thumb/v7e-m+fp/hard\libc_nano.a(libc_a-mallocr.o)
 .debug_abbrev  0x00004129      0x1bf c:/arm-gcc/tools/arm-gnu-toolchain-11.3.rel1-mingw-w64-i686-arm-none-eabi/bin/../lib/gcc/arm-none-eabi/11.3.1/thumb/v7e-m+fp/hard\libc_nano.a(libc_a-mlock.o)
 .debug_abbrev  0x000042e8      0x31f c:/arm-gcc/tools/arm-gnu-toolchain-11.3.rel1-mingw-w64-i686-arm-none-eabi/bin/../lib/gcc/arm-none-eabi/11.3.1/thumb/v7e-m+fp/hard\libc_nano.a(libc_a-nano-svfprintf.o)
 .debug_abbrev  0x00004607      0x28f c:/arm-gcc/tools/arm-gnu-toolchain-11.3.rel1-mingw-w64-i686-arm-none-eabi/bin/../lib/gcc/arm-none-eabi/11.3.1/thumb/v7e-m+fp/hard\libc_nano.a(libc_a-nano-vfprintf_i.o)
 .debug_abbrev  0x00004896       0xac c:/arm-gcc/tools/arm-gnu-toolchain-11.3.rel1-mingw-w64-i686-arm-none-eabi/bin/../lib/gcc/arm-none-eabi/11.3.1/thumb/v7e-m+fp/hard\libc_nano.a(libc_a-memmove.o)
 .debug_abbrev  0x00004942      0x1da c:/arm-gcc/tools/arm-gnu-toolchain-11.3.rel1-mingw-w64-i686-arm-none-eabi/bin/../lib/gcc/arm-none-eabi/11.3.1/thumb/v7e-m+fp/hard\libc_nano.a(libc_a-sbrkr.o)
 .debug_abbrev  0x00004b1c       0x14 c:/arm-gcc/tools/arm-gnu-toolchain-11.3.rel1-mingw-w64-i686-arm-none-eabi/bin/../lib/gcc/arm-none-eabi/11.3.1/thumb/v7e-m+fp/hard\libc_nano.a(libc_a-memchr.o)
 .debug_abbrev  0x00004b30      0x217 c:/arm-gcc/tools/arm-gnu-toolchain-11.3.rel1-mingw-w64-i686-arm-none-eabi/bin/../lib/gcc/arm-none-eabi/11.3.1/thumb/v7e-m+fp/hard\libc_nano.a(libc_a-reallocr.o)
 .debug_abbrev  0x00004d47      0x196 c:/arm-gcc/tools/arm-gnu-toolchain-11.3.rel1-mingw-w64-i686-arm-none-eabi/bin/../lib/gcc/arm-none-eabi/11.3.1/thumb/v7e-m+fp/hard\libc_nano.a(libc_a-msizer.o)
 .debug_abbrev  0x00004edd       0xa1 c:/arm-gcc/tools/arm-gnu-toolchain-11.3.rel1-mingw-w64-i686-arm-none-eabi/bin/../lib/gcc/arm-none-eabi/11.3.1/thumb/v7e-m+fp/hard\libnosys.a(sbrk.o)
 .debug_abbrev  0x00004f7e       0x14 c:/arm-gcc/tools/arm-gnu-toolchain-11.3.rel1-mingw-w64-i686-arm-none-eabi/bin/../lib/gcc/arm-none-eabi/11.3.1/thumb/v7e-m+fp/hard\libgcc.a(_arm_muldf3.o)
 .debug_abbrev  0x00004f92       0x14 c:/arm-gcc/tools/arm-gnu-toolchain-11.3.rel1-mingw-w64-i686-arm-none-eabi/bin/../lib/gcc/arm-none-eabi/11.3.1/thumb/v7e-m+fp/hard\libgcc.a(_arm_addsubdf3.o)
 .debug_abbrev  0x00004fa6       0x14 c:/arm-gcc/tools/arm-gnu-toolchain-11.3.rel1-mingw-w64-i686-arm-none-eabi/bin/../lib/gcc/arm-none-eabi/11.3.1/thumb/v7e-m+fp/hard\libgcc.a(_arm_truncdfsf2.o)
 .debug_abbrev  0x00004fba       0x14 c:/arm-gcc/tools/arm-gnu-toolchain-11.3.rel1-mingw-w64-i686-arm-none-eabi/bin/../lib/gcc/arm-none-eabi/11.3.1/thumb/v7e-m+fp/hard\libgcc.a(_aeabi_uldivmod.o)
 .debug_abbrev  0x00004fce      0x16a c:/arm-gcc/tools/arm-gnu-toolchain-11.3.rel1-mingw-w64-i686-arm-none-eabi/bin/../lib/gcc/arm-none-eabi/11.3.1/thumb/v7e-m+fp/hard\libgcc.a(_udivmoddi4.o)
 .debug_abbrev  0x00005138       0x14 c:/arm-gcc/tools/arm-gnu-toolchain-11.3.rel1-mingw-w64-i686-arm-none-eabi/bin/../lib/gcc/arm-none-eabi/11.3.1/thumb/v7e-m+fp/hard\libgcc.a(_dvmd_tls.o)

.debug_loc      0x00000000     0x9ecb
 .debug_loc     0x00000000      0x1f6 build/main.o
 .debug_loc     0x000001f6      0x200 build/stm32f4xx_it.o
 .debug_loc     0x000003f6      0x204 build/stm32f4xx_hal_msp.o
 .debug_loc     0x000005fa     0x27a0 build/stm32f4xx_hal_tim.o
 .debug_loc     0x00002d9a      0xdc8 build/stm32f4xx_hal_tim_ex.o
 .debug_loc     0x00003b62      0x3d2 build/stm32f4xx_hal_rcc.o
 .debug_loc     0x00003f34      0x2d4 build/stm32f4xx_hal_gpio.o
 .debug_loc     0x00004208      0x9f4 build/stm32f4xx_hal_cortex.o
 .debug_loc     0x00004bfc      0x720 build/stm32f4xx_hal.o
 .debug_loc     0x0000531c       0xa0 build/system_stm32f4xx.o
 .debug_loc     0x000053bc      0xcaf build/stm32f4xx_hal_pcd.o
 .debug_loc     0x0000606b      0x170 build/stm32f4xx_hal_pcd_ex.o
 .debug_loc     0x000061db     0x1190 build/stm32f4xx_ll_usb.o
 .debug_loc     0x0000736b      0x8e0 build/stm32f4xx_hal_adc.o
 .debug_loc     0x00007c4b       0x2c build/usb_device.o
 .debug_loc     0x00007c77      0x2f4 build/usbd_desc.o
 .debug_loc     0x00007f6b      0x1c8 build/usbd_cdc_if.o
 .debug_loc     0x00008133      0x9e0 build/usbd_conf.o
 .debug_loc     0x00008b13      0x7e0 build/usbd_core.o
 .debug_loc     0x000092f3      0x4c8 build/usbd_ctlreq.o
 .debug_loc     0x000097bb      0x230 build/usbd_ioreq.o
 .debug_loc     0x000099eb      0x4e0 build/usbd_cdc.o

.debug_aranges  0x00000000     0x1560
 .debug_aranges
                0x00000000       0x50 build/main.o
 .debug_aranges
                0x00000050       0x68 build/stm32f4xx_it.o
 .debug_aranges
                0x000000b8       0x48 build/stm32f4xx_hal_msp.o
 .debug_aranges
                0x00000100      0x3d0 build/stm32f4xx_hal_tim.o
 .debug_aranges
                0x000004d0      0x168 build/stm32f4xx_hal_tim_ex.o
 .debug_aranges
                0x00000638       0x88 build/stm32f4xx_hal_rcc.o
 .debug_aranges
                0x000006c0       0x58 build/stm32f4xx_hal_gpio.o
 .debug_aranges
                0x00000718      0x118 build/stm32f4xx_hal_cortex.o
 .debug_aranges
                0x00000830       0xf0 build/stm32f4xx_hal.o
 .debug_aranges
                0x00000920       0x28 build/system_stm32f4xx.o
 .debug_aranges
                0x00000948      0x148 build/stm32f4xx_hal_pcd.o
 .debug_aranges
                0x00000a90       0x38 build/stm32f4xx_hal_pcd_ex.o
 .debug_aranges
                0x00000ac8      0x1a0 build/stm32f4xx_ll_usb.o
 .debug_aranges
                0x00000c68       0xe8 build/stm32f4xx_hal_adc.o
 .debug_aranges
                0x00000d50       0x20 build/usb_device.o
 .debug_aranges
                0x00000d70       0x60 build/usbd_desc.o
 .debug_aranges
                0x00000dd0       0x48 build/usbd_cdc_if.o
 .debug_aranges
                0x00000e18      0x110 build/usbd_conf.o
 .debug_aranges
                0x00000f28       0xd8 build/usbd_core.o
 .debug_aranges
                0x00001000       0x90 build/usbd_ctlreq.o
 .debug_aranges
                0x00001090       0x50 build/usbd_ioreq.o
 .debug_aranges
                0x000010e0       0x90 build/usbd_cdc.o
 .debug_aranges
                0x00001170       0x28 build/startup_stm32f411xe.o
 .debug_aranges
                0x00001198       0x78 c:/arm-gcc/tools/arm-gnu-toolchain-11.3.rel1-mingw-w64-i686-arm-none-eabi/bin/../lib/gcc/arm-none-eabi/11.3.1/thumb/v7e-m+fp/hard\libc_nano.a(libc_a-findfp.o)
 .debug_aranges
                0x00001210       0x28 c:/arm-gcc/tools/arm-gnu-toolchain-11.3.rel1-mingw-w64-i686-arm-none-eabi/bin/../lib/gcc/arm-none-eabi/11.3.1/thumb/v7e-m+fp/hard\libc_nano.a(libc_a-sprintf.o)
 .debug_aranges
                0x00001238       0x20 c:/arm-gcc/tools/arm-gnu-toolchain-11.3.rel1-mingw-w64-i686-arm-none-eabi/bin/../lib/gcc/arm-none-eabi/11.3.1/thumb/v7e-m+fp/hard\libc_nano.a(libc_a-memset.o)
 .debug_aranges
                0x00001258       0x20 c:/arm-gcc/tools/arm-gnu-toolchain-11.3.rel1-mingw-w64-i686-arm-none-eabi/bin/../lib/gcc/arm-none-eabi/11.3.1/thumb/v7e-m+fp/hard\libc_nano.a(libc_a-reent.o)
 .debug_aranges
                0x00001278       0x18 c:/arm-gcc/tools/arm-gnu-toolchain-11.3.rel1-mingw-w64-i686-arm-none-eabi/bin/../lib/gcc/arm-none-eabi/11.3.1/thumb/v7e-m+fp/hard\libc_nano.a(libc_a-impure.o)
 .debug_aranges
                0x00001290       0x20 c:/arm-gcc/tools/arm-gnu-toolchain-11.3.rel1-mingw-w64-i686-arm-none-eabi/bin/../lib/gcc/arm-none-eabi/11.3.1/thumb/v7e-m+fp/hard\libc_nano.a(libc_a-init.o)
 .debug_aranges
                0x000012b0       0x28 c:/arm-gcc/tools/arm-gnu-toolchain-11.3.rel1-mingw-w64-i686-arm-none-eabi/bin/../lib/gcc/arm-none-eabi/11.3.1/thumb/v7e-m+fp/hard\libc_nano.a(libc_a-lock.o)
 .debug_aranges
                0x000012d8       0x20 c:/arm-gcc/tools/arm-gnu-toolchain-11.3.rel1-mingw-w64-i686-arm-none-eabi/bin/../lib/gcc/arm-none-eabi/11.3.1/thumb/v7e-m+fp/hard\libc_nano.a(libc_a-memcpy-stub.o)
 .debug_aranges
                0x000012f8       0x20 c:/arm-gcc/tools/arm-gnu-toolchain-11.3.rel1-mingw-w64-i686-arm-none-eabi/bin/../lib/gcc/arm-none-eabi/11.3.1/thumb/v7e-m+fp/hard\libc_nano.a(libc_a-strlen.o)
 .debug_aranges
                0x00001318       0x20 c:/arm-gcc/tools/arm-gnu-toolchain-11.3.rel1-mingw-w64-i686-arm-none-eabi/bin/../lib/gcc/arm-none-eabi/11.3.1/thumb/v7e-m+fp/hard\libc_nano.a(libc_a-freer.o)
 .debug_aranges
                0x00001338       0x28 c:/arm-gcc/tools/arm-gnu-toolchain-11.3.rel1-mingw-w64-i686-arm-none-eabi/bin/../lib/gcc/arm-none-eabi/11.3.1/thumb/v7e-m+fp/hard\libc_nano.a(libc_a-mallocr.o)
 .debug_aranges
                0x00001360       0x28 c:/arm-gcc/tools/arm-gnu-toolchain-11.3.rel1-mingw-w64-i686-arm-none-eabi/bin/../lib/gcc/arm-none-eabi/11.3.1/thumb/v7e-m+fp/hard\libc_nano.a(libc_a-mlock.o)
 .debug_aranges
                0x00001388       0x30 c:/arm-gcc/tools/arm-gnu-toolchain-11.3.rel1-mingw-w64-i686-arm-none-eabi/bin/../lib/gcc/arm-none-eabi/11.3.1/thumb/v7e-m+fp/hard\libc_nano.a(libc_a-nano-svfprintf.o)
 .debug_aranges
                0x000013b8       0x28 c:/arm-gcc/tools/arm-gnu-toolchain-11.3.rel1-mingw-w64-i686-arm-none-eabi/bin/../lib/gcc/arm-none-eabi/11.3.1/thumb/v7e-m+fp/hard\libc_nano.a(libc_a-nano-vfprintf_i.o)
 .debug_aranges
                0x000013e0       0x20 c:/arm-gcc/tools/arm-gnu-toolchain-11.3.rel1-mingw-w64-i686-arm-none-eabi/bin/../lib/gcc/arm-none-eabi/11.3.1/thumb/v7e-m+fp/hard\libc_nano.a(libc_a-memmove.o)
 .debug_aranges
                0x00001400       0x20 c:/arm-gcc/tools/arm-gnu-toolchain-11.3.rel1-mingw-w64-i686-arm-none-eabi/bin/../lib/gcc/arm-none-eabi/11.3.1/thumb/v7e-m+fp/hard\libc_nano.a(libc_a-sbrkr.o)
 .debug_aranges
                0x00001420       0x20 c:/arm-gcc/tools/arm-gnu-toolchain-11.3.rel1-mingw-w64-i686-arm-none-eabi/bin/../lib/gcc/arm-none-eabi/11.3.1/thumb/v7e-m+fp/hard\libc_nano.a(libc_a-memchr.o)
 .debug_aranges
                0x00001440       0x20 c:/arm-gcc/tools/arm-gnu-toolchain-11.3.rel1-mingw-w64-i686-arm-none-eabi/bin/../lib/gcc/arm-none-eabi/11.3.1/thumb/v7e-m+fp/hard\libc_nano.a(libc_a-reallocr.o)
 .debug_aranges
                0x00001460       0x20 c:/arm-gcc/tools/arm-gnu-toolchain-11.3.rel1-mingw-w64-i686-arm-none-eabi/bin/../lib/gcc/arm-none-eabi/11.3.1/thumb/v7e-m+fp/hard\libc_nano.a(libc_a-msizer.o)
 .debug_aranges
                0x00001480       0x20 c:/arm-gcc/tools/arm-gnu-toolchain-11.3.rel1-mingw-w64-i686-arm-none-eabi/bin/../lib/gcc/arm-none-eabi/11.3.1/thumb/v7e-m+fp/hard\libnosys.a(sbrk.o)
 .debug_aranges
                0x000014a0       0x20 c:/arm-gcc/tools/arm-gnu-toolchain-11.3.rel1-mingw-w64-i686-arm-none-eabi/bin/../lib/gcc/arm-none-eabi/11.3.1/thumb/v7e-m+fp/hard\libgcc.a(_arm_muldf3.o)
 .debug_aranges
                0x000014c0       0x20 c:/arm-gcc/tools/arm-gnu-toolchain-11.3.rel1-mingw-w64-i686-arm-none-eabi/bin/../lib/gcc/arm-none-eabi/11.3.1/thumb/v7e-m+fp/hard\libgcc.a(_arm_addsubdf3.o)
 .debug_aranges
                0x000014e0       0x20 c:/arm-gcc/tools/arm-gnu-toolchain-11.3.rel1-mingw-w64-i686-arm-none-eabi/bin/../lib/gcc/arm-none-eabi/11.3.1/thumb/v7e-m+fp/hard\libgcc.a(_arm_truncdfsf2.o)
 .debug_aranges
                0x00001500       0x20 c:/arm-gcc/tools/arm-gnu-toolchain-11.3.rel1-mingw-w64-i686-arm-none-eabi/bin/../lib/gcc/arm-none-eabi/11.3.1/thumb/v7e-m+fp/hard\libgcc.a(_aeabi_uldivmod.o)
 .debug_aranges
                0x00001520       0x20 c:/arm-gcc/tools/arm-gnu-toolchain-11.3.rel1-mingw-w64-i686-arm-none-eabi/bin/../lib/gcc/arm-none-eabi/11.3.1/thumb/v7e-m+fp/hard\libgcc.a(_udivmoddi4.o)
 .debug_aranges
                0x00001540       0x20 c:/arm-gcc/tools/arm-gnu-toolchain-11.3.rel1-mingw-w64-i686-arm-none-eabi/bin/../lib/gcc/arm-none-eabi/11.3.1/thumb/v7e-m+fp/hard\libgcc.a(_dvmd_tls.o)

.debug_ranges   0x00000000     0x1030
 .debug_ranges  0x00000000       0x40 build/main.o
 .debug_ranges  0x00000040       0x58 build/stm32f4xx_it.o
 .debug_ranges  0x00000098       0x38 build/stm32f4xx_hal_msp.o
 .debug_ranges  0x000000d0      0x3c0 build/stm32f4xx_hal_tim.o
 .debug_ranges  0x00000490      0x158 build/stm32f4xx_hal_tim_ex.o
 .debug_ranges  0x000005e8       0x78 build/stm32f4xx_hal_rcc.o
 .debug_ranges  0x00000660       0x48 build/stm32f4xx_hal_gpio.o
 .debug_ranges  0x000006a8      0x108 build/stm32f4xx_hal_cortex.o
 .debug_ranges  0x000007b0       0xe0 build/stm32f4xx_hal.o
 .debug_ranges  0x00000890       0x18 build/system_stm32f4xx.o
 .debug_ranges  0x000008a8      0x138 build/stm32f4xx_hal_pcd.o
 .debug_ranges  0x000009e0       0x28 build/stm32f4xx_hal_pcd_ex.o
 .debug_ranges  0x00000a08      0x190 build/stm32f4xx_ll_usb.o
 .debug_ranges  0x00000b98       0xd8 build/stm32f4xx_hal_adc.o
 .debug_ranges  0x00000c70       0x10 build/usb_device.o
 .debug_ranges  0x00000c80       0x50 build/usbd_desc.o
 .debug_ranges  0x00000cd0       0x38 build/usbd_cdc_if.o
 .debug_ranges  0x00000d08      0x100 build/usbd_conf.o
 .debug_ranges  0x00000e08       0xc8 build/usbd_core.o
 .debug_ranges  0x00000ed0       0x80 build/usbd_ctlreq.o